Archive member included to satisfy reference by file (symbol)

C:/ST/STM32CubeIDE_1.17.0/STM32CubeIDE/plugins/com.st.stm32cube.ide.mcu.externaltools.gnu-tools-for-stm32.12.3.rel1.win32_1.1.0.202410251130/tools/bin/../lib/gcc/arm-none-eabi/12.3.1/../../../../arm-none-eabi/lib/thumb/v8-m.main+fp/hard\libc_nano.a(libc_a-exit.o)
                              C:/ST/STM32CubeIDE_1.17.0/STM32CubeIDE/plugins/com.st.stm32cube.ide.mcu.externaltools.gnu-tools-for-stm32.12.3.rel1.win32_1.1.0.202410251130/tools/bin/../lib/gcc/arm-none-eabi/12.3.1/../../../../arm-none-eabi/lib/thumb/v8-m.main+fp/hard/crt0.o (exit)
C:/ST/STM32CubeIDE_1.17.0/STM32CubeIDE/plugins/com.st.stm32cube.ide.mcu.externaltools.gnu-tools-for-stm32.12.3.rel1.win32_1.1.0.202410251130/tools/bin/../lib/gcc/arm-none-eabi/12.3.1/../../../../arm-none-eabi/lib/thumb/v8-m.main+fp/hard\libc_nano.a(libc_a-findfp.o)
                              C:/ST/STM32CubeIDE_1.17.0/STM32CubeIDE/plugins/com.st.stm32cube.ide.mcu.externaltools.gnu-tools-for-stm32.12.3.rel1.win32_1.1.0.202410251130/tools/bin/../lib/gcc/arm-none-eabi/12.3.1/../../../../arm-none-eabi/lib/thumb/v8-m.main+fp/hard\libc_nano.a(libc_a-exit.o) (__stdio_exit_handler)
C:/ST/STM32CubeIDE_1.17.0/STM32CubeIDE/plugins/com.st.stm32cube.ide.mcu.externaltools.gnu-tools-for-stm32.12.3.rel1.win32_1.1.0.202410251130/tools/bin/../lib/gcc/arm-none-eabi/12.3.1/../../../../arm-none-eabi/lib/thumb/v8-m.main+fp/hard\libc_nano.a(libc_a-fwalk.o)
                              C:/ST/STM32CubeIDE_1.17.0/STM32CubeIDE/plugins/com.st.stm32cube.ide.mcu.externaltools.gnu-tools-for-stm32.12.3.rel1.win32_1.1.0.202410251130/tools/bin/../lib/gcc/arm-none-eabi/12.3.1/../../../../arm-none-eabi/lib/thumb/v8-m.main+fp/hard\libc_nano.a(libc_a-findfp.o) (_fwalk_sglue)
C:/ST/STM32CubeIDE_1.17.0/STM32CubeIDE/plugins/com.st.stm32cube.ide.mcu.externaltools.gnu-tools-for-stm32.12.3.rel1.win32_1.1.0.202410251130/tools/bin/../lib/gcc/arm-none-eabi/12.3.1/../../../../arm-none-eabi/lib/thumb/v8-m.main+fp/hard\libc_nano.a(libc_a-stdio.o)
                              C:/ST/STM32CubeIDE_1.17.0/STM32CubeIDE/plugins/com.st.stm32cube.ide.mcu.externaltools.gnu-tools-for-stm32.12.3.rel1.win32_1.1.0.202410251130/tools/bin/../lib/gcc/arm-none-eabi/12.3.1/../../../../arm-none-eabi/lib/thumb/v8-m.main+fp/hard\libc_nano.a(libc_a-findfp.o) (__sread)
C:/ST/STM32CubeIDE_1.17.0/STM32CubeIDE/plugins/com.st.stm32cube.ide.mcu.externaltools.gnu-tools-for-stm32.12.3.rel1.win32_1.1.0.202410251130/tools/bin/../lib/gcc/arm-none-eabi/12.3.1/../../../../arm-none-eabi/lib/thumb/v8-m.main+fp/hard\libc_nano.a(libc_a-memset.o)
                              C:/ST/STM32CubeIDE_1.17.0/STM32CubeIDE/plugins/com.st.stm32cube.ide.mcu.externaltools.gnu-tools-for-stm32.12.3.rel1.win32_1.1.0.202410251130/tools/bin/../lib/gcc/arm-none-eabi/12.3.1/../../../../arm-none-eabi/lib/thumb/v8-m.main+fp/hard/crt0.o (memset)
C:/ST/STM32CubeIDE_1.17.0/STM32CubeIDE/plugins/com.st.stm32cube.ide.mcu.externaltools.gnu-tools-for-stm32.12.3.rel1.win32_1.1.0.202410251130/tools/bin/../lib/gcc/arm-none-eabi/12.3.1/../../../../arm-none-eabi/lib/thumb/v8-m.main+fp/hard\libc_nano.a(libc_a-closer.o)
                              C:/ST/STM32CubeIDE_1.17.0/STM32CubeIDE/plugins/com.st.stm32cube.ide.mcu.externaltools.gnu-tools-for-stm32.12.3.rel1.win32_1.1.0.202410251130/tools/bin/../lib/gcc/arm-none-eabi/12.3.1/../../../../arm-none-eabi/lib/thumb/v8-m.main+fp/hard\libc_nano.a(libc_a-stdio.o) (_close_r)
C:/ST/STM32CubeIDE_1.17.0/STM32CubeIDE/plugins/com.st.stm32cube.ide.mcu.externaltools.gnu-tools-for-stm32.12.3.rel1.win32_1.1.0.202410251130/tools/bin/../lib/gcc/arm-none-eabi/12.3.1/../../../../arm-none-eabi/lib/thumb/v8-m.main+fp/hard\libc_nano.a(libc_a-reent.o)
                              C:/ST/STM32CubeIDE_1.17.0/STM32CubeIDE/plugins/com.st.stm32cube.ide.mcu.externaltools.gnu-tools-for-stm32.12.3.rel1.win32_1.1.0.202410251130/tools/bin/../lib/gcc/arm-none-eabi/12.3.1/../../../../arm-none-eabi/lib/thumb/v8-m.main+fp/hard\libc_nano.a(libc_a-closer.o) (errno)
C:/ST/STM32CubeIDE_1.17.0/STM32CubeIDE/plugins/com.st.stm32cube.ide.mcu.externaltools.gnu-tools-for-stm32.12.3.rel1.win32_1.1.0.202410251130/tools/bin/../lib/gcc/arm-none-eabi/12.3.1/../../../../arm-none-eabi/lib/thumb/v8-m.main+fp/hard\libc_nano.a(libc_a-impure.o)
                              C:/ST/STM32CubeIDE_1.17.0/STM32CubeIDE/plugins/com.st.stm32cube.ide.mcu.externaltools.gnu-tools-for-stm32.12.3.rel1.win32_1.1.0.202410251130/tools/bin/../lib/gcc/arm-none-eabi/12.3.1/../../../../arm-none-eabi/lib/thumb/v8-m.main+fp/hard\libc_nano.a(libc_a-reent.o) (_impure_ptr)
C:/ST/STM32CubeIDE_1.17.0/STM32CubeIDE/plugins/com.st.stm32cube.ide.mcu.externaltools.gnu-tools-for-stm32.12.3.rel1.win32_1.1.0.202410251130/tools/bin/../lib/gcc/arm-none-eabi/12.3.1/../../../../arm-none-eabi/lib/thumb/v8-m.main+fp/hard\libc_nano.a(libc_a-lseekr.o)
[...]
Memory Configuration

Name             Origin             Length             Attributes
RAM              0x20000000         0x00008000         xrw
FLASH            0x08000000         0x00020000         xr
*default*        0x00000000         0xffffffff

Linker script and memory map

LOAD C:/ST/STM32CubeIDE_1.17.0/STM32CubeIDE/plugins/com.st.stm32cube.ide.mcu.externaltools.gnu-tools-for-stm32.12.3.rel1.win32_1.1.0.202410251130/tools/bin/../lib/gcc/arm-none-eabi/12.3.1/thumb/v8-m.main+fp/hard/crti.o
LOAD C:/ST/STM32CubeIDE_1.17.0/STM32CubeIDE/plugins/com.st.stm32cube.ide.mcu.externaltools.gnu-tools-for-stm32.12.3.rel1.win32_1.1.0.202410251130/tools/bin/../lib/gcc/arm-none-eabi/12.3.1/thumb/v8-m.main+fp/hard/crtbegin.o
LOAD C:/ST/STM32CubeIDE_1.17.0/STM32CubeIDE/plugins/com.st.stm32cube.ide.mcu.externaltools.gnu-tools-for-stm32.12.3.rel1.win32_1.1.0.202410251130/tools/bin/../lib/gcc/arm-none-eabi/12.3.1/../../../../arm-none-eabi/lib/thumb/v8-m.main+fp/hard/crt0.o
LOAD ./Core/Src/main.o
LOAD ./Core/Src/stm32h5xx_hal_msp.o
LOAD ./Core/Src/stm32h5xx_it.o
LOAD ./Core/Src/syscalls.o
LOAD ./Core/Src/sysmem.o
LOAD ./Core/Src/system_stm32h5xx.o
LOAD ./Core/Src/uart.o
LOAD ./Core/Src/work.o
LOAD ./Core/Startup/startup_stm32h503cbtx.o
LOAD ./Drivers/STM32H5xx_HAL_Driver/Src/stm32h5xx_hal.o
LOAD ./Drivers/STM32H5xx_HAL_Driver/Src/stm32h5xx_hal_cortex.o
LOAD ./Drivers/STM32H5xx_HAL_Driver/Src/stm32h5xx_hal_dma.o
LOAD ./Drivers/STM32H5xx_HAL_Driver/Src/stm32h5xx_hal_dma_ex.o
LOAD ./Drivers/STM32H5xx_HAL_Driver/Src/stm32h5xx_hal_exti.o
LOAD ./Drivers/STM32H5xx_HAL_Driver/Src/stm32h5xx_hal_flash.o
LOAD ./Drivers/STM32H5xx_HAL_Driver/Src/stm32h5xx_hal_flash_ex.o
LOAD ./Drivers/STM32H5xx_HAL_Driver/Src/stm32h5xx_hal_gpio.o
LOAD ./Drivers/STM32H5xx_HAL_Driver/Src/stm32h5xx_hal_icache.o
LOAD ./Drivers/STM32H5xx_HAL_Driver/Src/stm32h5xx_hal_pwr.o
LOAD ./Drivers/STM32H5xx_HAL_Driver/Src/stm32h5xx_hal_pwr_ex.o
LOAD ./Drivers/STM32H5xx_HAL_Driver/Src/stm32h5xx_hal_rcc.o
LOAD ./Drivers/STM32H5xx_HAL_Driver/Src/stm32h5xx_hal_rcc_ex.o
LOAD ./Drivers/STM32H5xx_HAL_Driver/Src/stm32h5xx_hal_tim.o
LOAD ./Drivers/STM32H5xx_HAL_Driver/Src/stm32h5xx_hal_tim_ex.o
LOAD ./Drivers/STM32H5xx_HAL_Driver/Src/stm32h5xx_hal_uart.o
LOAD ./Drivers/STM32H5xx_HAL_Driver/Src/stm32h5xx_hal_uart_ex.o
START GROUP
LOAD C:/ST/STM32CubeIDE_1.17.0/STM32CubeIDE/plugins/com.st.stm32cube.ide.mcu.externaltools.gnu-tools-for-stm32.12.3.rel1.win32_1.1.0.202410251130/tools/bin/../lib/gcc/arm-none-eabi/12.3.1/../../../../arm-none-eabi/lib/thumb/v8-m.main+fp/hard\libc_nano.a
LOAD C:/ST/STM32CubeIDE_1.17.0/STM32CubeIDE/plugins/com.st.stm32cube.ide.mcu.externaltools.gnu-tools-for-stm32.12.3.rel1.win32_1.1.0.202410251130/tools/bin/../lib/gcc/arm-none-eabi/12.3.1/../../../../arm-none-eabi/lib/thumb/v8-m.main+fp/hard\libm.a
END GROUP
START GROUP
LOAD C:/ST/STM32CubeIDE_1.17.0/STM32CubeIDE/plugins/com.st.stm32cube.ide.mcu.externaltools.gnu-tools-for-stm32.12.3.rel1.win32_1.1.0.202410251130/tools/bin/../lib/gcc/arm-none-eabi/12.3.1/thumb/v8-m.main+fp/hard\libgcc.a
LOAD C:/ST/STM32CubeIDE_1.17.0/STM32CubeIDE/plugins/com.st.stm32cube.ide.mcu.externaltools.gnu-tools-for-stm32.12.3.rel1.win32_1.1.0.202410251130/tools/bin/../lib/gcc/arm-none-eabi/12.3.1/../../../../arm-none-eabi/lib/thumb/v8-m.main+fp/hard\libc_nano.a
END GROUP
START GROUP
LOAD C:/ST/STM32CubeIDE_1.17.0/STM32CubeIDE/plugins/com.st.stm32cube.ide.mcu.externaltools.gnu-tools-for-stm32.12.3.rel1.win32_1.1.0.202410251130/tools/bin/../lib/gcc/arm-none-eabi/12.3.1/thumb/v8-m.main+fp/hard\libgcc.a
LOAD C:/ST/STM32CubeIDE_1.17.0/STM32CubeIDE/plugins/com.st.stm32cube.ide.mcu.externaltools.gnu-tools-for-stm32.12.3.rel1.win32_1.1.0.202410251130/tools/bin/../lib/gcc/arm-none-eabi/12.3.1/../../../../arm-none-eabi/lib/thumb/v8-m.main+fp/hard\libc_nano.a
LOAD C:/ST/STM32CubeIDE_1.17.0/STM32CubeIDE/plugins/com.st.stm32cube.ide.mcu.externaltools.gnu-tools-for-stm32.12.3.rel1.win32_1.1.0.202410251130/tools/bin/../lib/gcc/arm-none-eabi/12.3.1/../../../../arm-none-eabi/lib/thumb/v8-m.main+fp/hard\libnosys.a
END GROUP
START GROUP
LOAD C:/ST/STM32CubeIDE_1.17.0/STM32CubeIDE/plugins/com.st.stm32cube.ide.mcu.externaltools.gnu-tools-for-stm32.12.3.rel1.win32_1.1.0.202410251130/tools/bin/../lib/gcc/arm-none-eabi/12.3.1/thumb/v8-m.main+fp/hard\libgcc.a
LOAD C:/ST/STM32CubeIDE_1.17.0/STM32CubeIDE/plugins/com.st.stm32cube.ide.mcu.externaltools.gnu-tools-for-stm32.12.3.rel1.win32_1.1.0.202410251130/tools/bin/../lib/gcc/arm-none-eabi/12.3.1/../../../../arm-none-eabi/lib/thumb/v8-m.main+fp/hard\libc_nano.a
LOAD C:/ST/STM32CubeIDE_1.17.0/STM32CubeIDE/plugins/com.st.stm32cube.ide.mcu.externaltools.gnu-tools-for-stm32.12.3.rel1.win32_1.1.0.202410251130/tools/bin/../lib/gcc/arm-none-eabi/12.3.1/../../../../arm-none-eabi/lib/thumb/v8-m.main+fp/hard\libnosys.a
END GROUP
LOAD C:/ST/STM32CubeIDE_1.17.0/STM32CubeIDE/plugins/com.st.stm32cube.ide.mcu.externaltools.gnu-tools-for-stm32.12.3.rel1.win32_1.1.0.202410251130/tools/bin/../lib/gcc/arm-none-eabi/12.3.1/thumb/v8-m.main+fp/hard/crtend.o
LOAD C:/ST/STM32CubeIDE_1.17.0/STM32CubeIDE/plugins/com.st.stm32cube.ide.mcu.externaltools.gnu-tools-for-stm32.12.3.rel1.win32_1.1.0.202410251130/tools/bin/../lib/gcc/arm-none-eabi/12.3.1/thumb/v8-m.main+fp/hard/crtn.o
                0x20008000                        _estack = (ORIGIN (RAM) + LENGTH (RAM))
                0x00000200                        _Min_Heap_Size = 0x200
                0x00000400                        _Min_Stack_Size = 0x400

.isr_vector     0x08000000      0x258
                0x08000000                        . = ALIGN (0x4)
 *(.isr_vector)
 .isr_vector    0x08000000      0x258 ./Core/Startup/startup_stm32h503cbtx.o
                0x08000000                g_pfnVectors
                0x08000258                        . = ALIGN (0x4)

.text           0x08000258     0x8364
                0x08000258                        . = ALIGN (0x4)
 *(.text)
 .text          0x08000258       0x40 C:/ST/STM32CubeIDE_1.17.0/STM32CubeIDE/plugins/com.st.stm32cube.ide.mcu.externaltools.gnu-tools-for-stm32.12.3.rel1.win32_1.1.0.202410251130/tools/bin/../lib/gcc/arm-none-eabi/12.3.1/thumb/v8-m.main+fp/hard/crtbegin.o
 .text          0x08000298       0x30 C:/ST/STM32CubeIDE_1.17.0/STM32CubeIDE/plugins/com.st.stm32cube.ide.mcu.externaltools.gnu-tools-for-stm32.12.3.rel1.win32_1.1.0.202410251130/tools/bin/../lib/gcc/arm-none-eabi/12.3.1/thumb/v8-m.main+fp/hard\libgcc.a(_aeabi_uldivmod.o)
                0x08000298                __aeabi_uldivmod
 .text          0x080002c8      0x2e4 C:/ST/STM32CubeIDE_1.17.0/STM32CubeIDE/plugins/com.st.stm32cube.ide.mcu.externaltools.gnu-tools-for-stm32.12.3.rel1.win32_1.1.0.202410251130/tools/bin/../lib/gcc/arm-none-eabi/12.3.1/thumb/v8-m.main+fp/hard\libgcc.a(_udivmoddi4.o)
                0x080002c8                __udivmoddi4
 .text          0x080005ac        0x4 C:/ST/STM32CubeIDE_1.17.0/STM32CubeIDE/plugins/com.st.stm32cube.ide.mcu.externaltools.gnu-tools-for-stm32.12.3.rel1.win32_1.1.0.202410251130/tools/bin/../lib/gcc/arm-none-eabi/12.3.1/thumb/v8-m.main+fp/hard\libgcc.a(_dvmd_tls.o)
                0x080005ac                __aeabi_idiv0
                0x080005ac                __aeabi_ldiv0
 *(.text*)
 .text.main     0x080005b0       0x2e ./Core/Src/main.o
                0x080005b0                main
 *fill*         0x080005de        0x2 
 .text.SystemClock_Config
                0x080005e0       0xe0 ./Core/Src/main.o
                0x080005e0                SystemClock_Config
 .text.MX_GPDMA1_Init
                0x080006c0       0x40 ./Core/Src/main.o
 .text.MX_GPDMA2_Init
                0x08000700       0xf8 ./Core/Src/main.o
 .text.MX_ICACHE_Init
                0x080007f8       0x26 ./Core/Src/main.o
 *fill*         0x0800081e        0x2 
 .text.MX_TIM2_Init
                0x08000820       0x9c ./Core/Src/main.o
 .text.MX_USART1_UART_Init
                0x080008bc       0x98 ./Core/Src/main.o
 .text.MX_GPIO_Init
                0x08000954      0x154 ./Core/Src/main.o
 .text.Error_Handler
                0x08000aa8        0xc ./Core/Src/main.o
                0x08000aa8                Error_Handler
 .text.HAL_MspInit
                0x08000ab4        0xe ./Core/Src/stm32h5xx_hal_msp.o
                0x08000ab4                HAL_MspInit
 *fill*         0x08000ac2        0x2 
 .text.HAL_TIM_Base_MspInit
                0x08000ac4       0xd0 ./Core/Src/stm32h5xx_hal_msp.o
                0x08000ac4                HAL_TIM_Base_MspInit
 .text.HAL_UART_MspInit
                0x08000b94       0xe0 ./Core/Src/stm32h5xx_hal_msp.o
                0x08000b94                HAL_UART_MspInit
 .text.NMI_Handler
                0x08000c74        0x8 ./Core/Src/stm32h5xx_it.o
                0x08000c74                NMI_Handler
 .text.HardFault_Handler
                0x08000c7c        0x8 ./Core/Src/stm32h5xx_it.o
                0x08000c7c                HardFault_Handler
 .text.MemManage_Handler
                0x08000c84        0x8 ./Core/Src/stm32h5xx_it.o
                0x08000c84                MemManage_Handler
 .text.BusFault_Handler
                0x08000c8c        0x8 ./Core/Src/stm32h5xx_it.o
                0x08000c8c                BusFault_Handler
 .text.UsageFault_Handler
                0x08000c94        0x8 ./Core/Src/stm32h5xx_it.o
                0x08000c94                UsageFault_Handler
 .text.SVC_Handler
                0x08000c9c        0xe ./Core/Src/stm32h5xx_it.o
                0x08000c9c                SVC_Handler
 .text.DebugMon_Handler
                0x08000caa        0xe ./Core/Src/stm32h5xx_it.o
                0x08000caa                DebugMon_Handler
 .text.PendSV_Handler
                0x08000cb8        0xe ./Core/Src/stm32h5xx_it.o
                0x08000cb8                PendSV_Handler
 .text.SysTick_Handler
                0x08000cc6        0xc ./Core/Src/stm32h5xx_it.o
                0x08000cc6                SysTick_Handler
 *fill*         0x08000cd2        0x2 
 .text.GPDMA1_Channel0_IRQHandler
                0x08000cd4       0x14 ./Core/Src/stm32h5xx_it.o
                0x08000cd4                GPDMA1_Channel0_IRQHandler
 .text.USART1_IRQHandler
                0x08000ce8       0x14 ./Core/Src/stm32h5xx_it.o
                0x08000ce8                USART1_IRQHandler
 .text.GPDMA2_Channel0_IRQHandler
                0x08000cfc       0x14 ./Core/Src/stm32h5xx_it.o
                0x08000cfc                GPDMA2_Channel0_IRQHandler
 .text.SystemInit
                0x08000d10       0xe4 ./Core/Src/system_stm32h5xx.o
                0x08000d10                SystemInit
 .text.init_uart
                0x08000df4       0x1c ./Core/Src/uart.o
                0x08000df4                init_uart
 .text.sendOk   0x08000e10       0x28 ./Core/Src/uart.o
                0x08000e10                sendOk
 .text.parsingData
                0x08000e38      0x158 ./Core/Src/uart.o
                0x08000e38                parsingData
 .text.check_timeout
                0x08000f90       0xa0 ./Core/Src/uart.o
                0x08000f90                check_timeout
 .text.HAL_UART_RxCpltCallback
                0x08001030       0x2c ./Core/Src/uart.o
                0x08001030                HAL_UART_RxCpltCallback
 .text.doWork   0x0800105c       0x38 ./Core/Src/work.o
                0x0800105c                doWork
 .text.work     0x08001094       0x3c ./Core/Src/work.o
                0x08001094                work
 .text.blinkLed
                0x080010d0       0x38 ./Core/Src/work.o
                0x080010d0                blinkLed
 .text.MyDMACpltCallback
                0x08001108       0x3c ./Core/Src/work.o
                0x08001108                MyDMACpltCallback
 .text.startprogramm
                0x08001144       0xd8 ./Core/Src/work.o
                0x08001144                startprogramm
 .text.checkButton
                0x0800121c       0x2c ./Core/Src/work.o
                0x0800121c                checkButton
 .text.Reset_Handler
                0x08001248       0x50 ./Core/Startup/startup_stm32h503cbtx.o
                0x08001248                Reset_Handler
 .text.Default_Handler
                0x08001298        0x2 ./Core/Startup/startup_stm32h503cbtx.o
                0x08001298                EXTI2_IRQHandler
                0x08001298                EXTI5_IRQHandler
                0x08001298                I3C1_ER_IRQHandler
                0x08001298                GPDMA2_Channel1_IRQHandler
                0x08001298                EXTI13_IRQHandler
                0x08001298                TIM1_CC_IRQHandler
                0x08001298                GPDMA2_Channel3_IRQHandler
                0x08001298                TAMP_IRQHandler
                0x08001298                TIM6_IRQHandler
                0x08001298                EXTI12_IRQHandler
                0x08001298                USB_DRD_FS_IRQHandler
                0x08001298                EXTI3_IRQHandler
                0x08001298                GPDMA1_Channel5_IRQHandler
                0x08001298                EXTI8_IRQHandler
                0x08001298                GPDMA2_Channel5_IRQHandler
                0x08001298                LPTIM2_IRQHandler
                0x08001298                GPDMA2_Channel2_IRQHandler
                0x08001298                EXTI0_IRQHandler
                0x08001298                I2C2_EV_IRQHandler
                0x08001298                FPU_IRQHandler
                0x08001298                GPDMA1_Channel3_IRQHandler
                0x08001298                GPDMA1_Channel7_IRQHandler
                0x08001298                FDCAN1_IT1_IRQHandler
                0x08001298                RAMCFG_IRQHandler
                0x08001298                SPI1_IRQHandler
                0x08001298                GPDMA1_Channel2_IRQHandler
                0x08001298                ADC1_IRQHandler
                0x08001298                I3C2_ER_IRQHandler
                0x08001298                EXTI15_IRQHandler
                0x08001298                USART3_IRQHandler
                0x08001298                RTC_IRQHandler
                0x08001298                EXTI9_IRQHandler
                0x08001298                I3C2_EV_IRQHandler
                0x08001298                I2C1_EV_IRQHandler
                0x08001298                GPDMA1_Channel1_IRQHandler
                0x08001298                TIM3_IRQHandler
                0x08001298                RCC_IRQHandler
                0x08001298                TIM1_TRG_COM_IRQHandler
                0x08001298                Default_Handler
                0x08001298                GPDMA2_Channel4_IRQHandler
                0x08001298                TIM7_IRQHandler
                0x08001298                I3C1_EV_IRQHandler
                0x08001298                PVD_AVD_IRQHandler
                0x08001298                SPI2_IRQHandler
                0x08001298                EXTI14_IRQHandler
                0x08001298                EXTI11_IRQHandler
                0x08001298                CRS_IRQHandler
                0x08001298                EXTI4_IRQHandler
                0x08001298                RNG_IRQHandler
                0x08001298                GPDMA2_Channel6_IRQHandler
                0x08001298                TIM1_UP_IRQHandler
                0x08001298                WWDG_IRQHandler
                0x08001298                IWDG_IRQHandler
                0x08001298                LPUART1_IRQHandler
                0x08001298                FDCAN1_IT0_IRQHandler
                0x08001298                TIM2_IRQHandler
                0x08001298                GPDMA1_Channel4_IRQHandler
                0x08001298                EXTI7_IRQHandler
                0x08001298                TIM1_BRK_IRQHandler
                0x08001298                EXTI1_IRQHandler
                0x08001298                DAC1_IRQHandler
                0x08001298                DTS_IRQHandler
                0x08001298                GTZC_IRQHandler
                0x08001298                USART2_IRQHandler
                0x08001298                GPDMA1_Channel6_IRQHandler
                0x08001298                GPDMA2_Channel7_IRQHandler
                0x08001298                I2C2_ER_IRQHandler
                0x08001298                FLASH_IRQHandler
                0x08001298                EXTI10_IRQHandler
                0x08001298                SPI3_IRQHandler
                0x08001298                I2C1_ER_IRQHandler
                0x08001298                EXTI6_IRQHandler
                0x08001298                COMP1_IRQHandler
                0x08001298                LPTIM1_IRQHandler
                0x08001298                ICACHE_IRQHandler
                0x08001298                HASH_IRQHandler
 *fill*         0x0800129a        0x2 
 .text.HAL_Init
                0x0800129c       0x50 ./Drivers/STM32H5xx_HAL_Driver/Src/stm32h5xx_hal.o
                0x0800129c                HAL_Init
 .text.HAL_InitTick
                0x080012ec       0xec ./Drivers/STM32H5xx_HAL_Driver/Src/stm32h5xx_hal.o
                0x080012ec                HAL_InitTick
 .text.HAL_IncTick
                0x080013d8       0x28 ./Drivers/STM32H5xx_HAL_Driver/Src/stm32h5xx_hal.o
                0x080013d8                HAL_IncTick
 .text.HAL_GetTick
                0x08001400       0x18 ./Drivers/STM32H5xx_HAL_Driver/Src/stm32h5xx_hal.o
                0x08001400                HAL_GetTick
 .text.HAL_Delay
                0x08001418       0x48 ./Drivers/STM32H5xx_HAL_Driver/Src/stm32h5xx_hal.o
                0x08001418                HAL_Delay
 .text.HAL_SuspendTick
                0x08001460       0x20 ./Drivers/STM32H5xx_HAL_Driver/Src/stm32h5xx_hal.o
                0x08001460                HAL_SuspendTick
 .text.HAL_ResumeTick
                0x08001480       0x20 ./Drivers/STM32H5xx_HAL_Driver/Src/stm32h5xx_hal.o
                0x08001480                HAL_ResumeTick
 .text.__NVIC_SetPriorityGrouping
                0x080014a0       0x48 ./Drivers/STM32H5xx_HAL_Driver/Src/stm32h5xx_hal_cortex.o
 .text.__NVIC_GetPriorityGrouping
                0x080014e8       0x1c ./Drivers/STM32H5xx_HAL_Driver/Src/stm32h5xx_hal_cortex.o
 .text.__NVIC_EnableIRQ
                0x08001504       0x3c ./Drivers/STM32H5xx_HAL_Driver/Src/stm32h5xx_hal_cortex.o
 .text.__NVIC_SetPriority
                0x08001540       0x54 ./Drivers/STM32H5xx_HAL_Driver/Src/stm32h5xx_hal_cortex.o
 .text.NVIC_EncodePriority
                0x08001594       0x66 ./Drivers/STM32H5xx_HAL_Driver/Src/stm32h5xx_hal_cortex.o
 .text.HAL_NVIC_SetPriorityGrouping
                0x080015fa       0x16 ./Drivers/STM32H5xx_HAL_Driver/Src/stm32h5xx_hal_cortex.o
                0x080015fa                HAL_NVIC_SetPriorityGrouping
 .text.HAL_NVIC_SetPriority
                0x08001610       0x34 ./Drivers/STM32H5xx_HAL_Driver/Src/stm32h5xx_hal_cortex.o
                0x08001610                HAL_NVIC_SetPriority
 .text.HAL_NVIC_EnableIRQ
                0x08001644       0x1c ./Drivers/STM32H5xx_HAL_Driver/Src/stm32h5xx_hal_cortex.o
                0x08001644                HAL_NVIC_EnableIRQ
 .text.HAL_SYSTICK_Config
                0x08001660       0x44 ./Drivers/STM32H5xx_HAL_Driver/Src/stm32h5xx_hal_cortex.o
                0x08001660                HAL_SYSTICK_Config
 .text.HAL_SYSTICK_CLKSourceConfig
                0x080016a4       0xb0 ./Drivers/STM32H5xx_HAL_Driver/Src/stm32h5xx_hal_cortex.o
                0x080016a4                HAL_SYSTICK_CLKSourceConfig
 .text.HAL_SYSTICK_GetCLKSourceConfig
                0x08001754       0x6c ./Drivers/STM32H5xx_HAL_Driver/Src/stm32h5xx_hal_cortex.o
                0x08001754                HAL_SYSTICK_GetCLKSourceConfig
 .text.HAL_DMA_Init
                0x080017c0      0x16c ./Drivers/STM32H5xx_HAL_Driver/Src/stm32h5xx_hal_dma.o
                0x080017c0                HAL_DMA_Init
 .text.HAL_DMA_Start_IT
                0x0800192c       0xc0 ./Drivers/STM32H5xx_HAL_Driver/Src/stm32h5xx_hal_dma.o
                0x0800192c                HAL_DMA_Start_IT
 .text.HAL_DMA_Abort
                0x080019ec       0xf8 ./Drivers/STM32H5xx_HAL_Driver/Src/stm32h5xx_hal_dma.o
                0x080019ec                HAL_DMA_Abort
 .text.HAL_DMA_Abort_IT
                0x08001ae4       0x52 ./Drivers/STM32H5xx_HAL_Driver/Src/stm32h5xx_hal_dma.o
                0x08001ae4                HAL_DMA_Abort_IT
 .text.HAL_DMA_IRQHandler
                0x08001b36      0x2c2 ./Drivers/STM32H5xx_HAL_Driver/Src/stm32h5xx_hal_dma.o
                0x08001b36                HAL_DMA_IRQHandler
 .text.HAL_DMA_RegisterCallback
                0x08001df8       0x88 ./Drivers/STM32H5xx_HAL_Driver/Src/stm32h5xx_hal_dma.o
                0x08001df8                HAL_DMA_RegisterCallback
 .text.HAL_DMA_ConfigChannelAttributes
                0x08001e80       0x78 ./Drivers/STM32H5xx_HAL_Driver/Src/stm32h5xx_hal_dma.o
                0x08001e80                HAL_DMA_ConfigChannelAttributes
 .text.DMA_SetConfig
                0x08001ef8       0x4a ./Drivers/STM32H5xx_HAL_Driver/Src/stm32h5xx_hal_dma.o
 *fill*         0x08001f42        0x2 
 .text.DMA_Init
                0x08001f44      0x2b8 ./Drivers/STM32H5xx_HAL_Driver/Src/stm32h5xx_hal_dma.o
 .text.HAL_DMAEx_List_Start_IT
                0x080021fc      0x128 ./Drivers/STM32H5xx_HAL_Driver/Src/stm32h5xx_hal_dma_ex.o
                0x080021fc                HAL_DMAEx_List_Start_IT
 .text.HAL_DMAEx_ConfigTrigger
                0x08002324       0x6e ./Drivers/STM32H5xx_HAL_Driver/Src/stm32h5xx_hal_dma_ex.o
                0x08002324                HAL_DMAEx_ConfigTrigger
 *fill*         0x08002392        0x2 
 .text.DMA_List_GetCLLRNodeInfo
                0x08002394       0x60 ./Drivers/STM32H5xx_HAL_Driver/Src/stm32h5xx_hal_dma_ex.o
 .text.HAL_GPIO_Init
                0x080023f4      0x2a4 ./Drivers/STM32H5xx_HAL_Driver/Src/stm32h5xx_hal_gpio.o
                0x080023f4                HAL_GPIO_Init
 .text.HAL_GPIO_ReadPin
                0x08002698       0x30 ./Drivers/STM32H5xx_HAL_Driver/Src/stm32h5xx_hal_gpio.o
                0x08002698                HAL_GPIO_ReadPin
 .text.HAL_GPIO_WritePin
                0x080026c8       0x30 ./Drivers/STM32H5xx_HAL_Driver/Src/stm32h5xx_hal_gpio.o
                0x080026c8                HAL_GPIO_WritePin
 .text.HAL_GPIO_TogglePin
                0x080026f8       0x34 ./Drivers/STM32H5xx_HAL_Driver/Src/stm32h5xx_hal_gpio.o
                0x080026f8                HAL_GPIO_TogglePin
 .text.HAL_ICACHE_ConfigAssociativityMode
                0x0800272c       0x40 ./Drivers/STM32H5xx_HAL_Driver/Src/stm32h5xx_hal_icache.o
                0x0800272c                HAL_ICACHE_ConfigAssociativityMode
 .text.HAL_ICACHE_Enable
                0x0800276c       0x20 ./Drivers/STM32H5xx_HAL_Driver/Src/stm32h5xx_hal_icache.o
                0x0800276c                HAL_ICACHE_Enable
 .text.HAL_PWR_EnterSLEEPMode
                0x0800278c       0x38 ./Drivers/STM32H5xx_HAL_Driver/Src/stm32h5xx_hal_pwr.o
                0x0800278c                HAL_PWR_EnterSLEEPMode
 .text.HAL_RCC_OscConfig
                0x080027c4      0x870 ./Drivers/STM32H5xx_HAL_Driver/Src/stm32h5xx_hal_rcc.o
                0x080027c4                HAL_RCC_OscConfig
 .text.HAL_RCC_ClockConfig
                0x08003034      0x370 ./Drivers/STM32H5xx_HAL_Driver/Src/stm32h5xx_hal_rcc.o
                0x08003034                HAL_RCC_ClockConfig
 .text.HAL_RCC_GetSysClockFreq
                0x080033a4      0x258 ./Drivers/STM32H5xx_HAL_Driver/Src/stm32h5xx_hal_rcc.o
                0x080033a4                HAL_RCC_GetSysClockFreq
 .text.HAL_RCC_GetHCLKFreq
                0x080035fc       0x38 ./Drivers/STM32H5xx_HAL_Driver/Src/stm32h5xx_hal_rcc.o
                0x080035fc                HAL_RCC_GetHCLKFreq
 .text.HAL_RCC_GetPCLK1Freq
                0x08003634       0x2c ./Drivers/STM32H5xx_HAL_Driver/Src/stm32h5xx_hal_rcc.o
                0x08003634                HAL_RCC_GetPCLK1Freq
 .text.HAL_RCC_GetPCLK2Freq
                0x08003660       0x2c ./Drivers/STM32H5xx_HAL_Driver/Src/stm32h5xx_hal_rcc.o
                0x08003660                HAL_RCC_GetPCLK2Freq
 .text.HAL_RCC_GetPCLK3Freq
                0x0800368c       0x2c ./Drivers/STM32H5xx_HAL_Driver/Src/stm32h5xx_hal_rcc.o
                0x0800368c                HAL_RCC_GetPCLK3Freq
 .text.HAL_RCCEx_PeriphCLKConfig
                0x080036b8      0xc48 ./Drivers/STM32H5xx_HAL_Driver/Src/stm32h5xx_hal_rcc_ex.o
                0x080036b8                HAL_RCCEx_PeriphCLKConfig
 .text.HAL_RCCEx_GetPLL1ClockFreq
                0x08004300      0x2d8 ./Drivers/STM32H5xx_HAL_Driver/Src/stm32h5xx_hal_rcc_ex.o
                0x08004300                HAL_RCCEx_GetPLL1ClockFreq
 .text.HAL_RCCEx_GetPLL2ClockFreq
                0x080045d8      0x2d8 ./Drivers/STM32H5xx_HAL_Driver/Src/stm32h5xx_hal_rcc_ex.o
                0x080045d8                HAL_RCCEx_GetPLL2ClockFreq
 .text.HAL_RCCEx_GetPeriphCLKFreq
                0x080048b0      0xe7c ./Drivers/STM32H5xx_HAL_Driver/Src/stm32h5xx_hal_rcc_ex.o
                0x080048b0                HAL_RCCEx_GetPeriphCLKFreq
 .text.RCCEx_PLL2_Config
                0x0800572c      0x130 ./Drivers/STM32H5xx_HAL_Driver/Src/stm32h5xx_hal_rcc_ex.o
 .text.HAL_TIM_Base_Init
                0x0800585c       0xae ./Drivers/STM32H5xx_HAL_Driver/Src/stm32h5xx_hal_tim.o
                0x0800585c                HAL_TIM_Base_Init
 *fill*         0x0800590a        0x2 
 .text.HAL_TIM_Base_Start_DMA
                0x0800590c      0x110 ./Drivers/STM32H5xx_HAL_Driver/Src/stm32h5xx_hal_tim.o
                0x0800590c                HAL_TIM_Base_Start_DMA
 .text.HAL_TIM_Base_Stop_DMA
                0x08005a1c       0x64 ./Drivers/STM32H5xx_HAL_Driver/Src/stm32h5xx_hal_tim.o
                0x08005a1c                HAL_TIM_Base_Stop_DMA
 .text.HAL_TIM_ConfigClockSource
                0x08005a80      0x23c ./Drivers/STM32H5xx_HAL_Driver/Src/stm32h5xx_hal_tim.o
                0x08005a80                HAL_TIM_ConfigClockSource
 .text.TIM_DMA_Start_IT
                0x08005cbc       0x76 ./Drivers/STM32H5xx_HAL_Driver/Src/stm32h5xx_hal_tim.o
                0x08005cbc                TIM_DMA_Start_IT
 .text.HAL_TIM_PeriodElapsedCallback
                0x08005d32       0x14 ./Drivers/STM32H5xx_HAL_Driver/Src/stm32h5xx_hal_tim.o
                0x08005d32                HAL_TIM_PeriodElapsedCallback
 .text.HAL_TIM_PeriodElapsedHalfCpltCallback
                0x08005d46       0x14 ./Drivers/STM32H5xx_HAL_Driver/Src/stm32h5xx_hal_tim.o
                0x08005d46                HAL_TIM_PeriodElapsedHalfCpltCallback
 .text.HAL_TIM_ErrorCallback
                0x08005d5a       0x14 ./Drivers/STM32H5xx_HAL_Driver/Src/stm32h5xx_hal_tim.o
                0x08005d5a                HAL_TIM_ErrorCallback
 .text.TIM_DMAError
                0x08005d6e       0x92 ./Drivers/STM32H5xx_HAL_Driver/Src/stm32h5xx_hal_tim.o
                0x08005d6e                TIM_DMAError
 .text.TIM_DMAPeriodElapsedCplt
                0x08005e00       0x1c ./Drivers/STM32H5xx_HAL_Driver/Src/stm32h5xx_hal_tim.o
 .text.TIM_DMAPeriodElapsedHalfCplt
                0x08005e1c       0x1c ./Drivers/STM32H5xx_HAL_Driver/Src/stm32h5xx_hal_tim.o
 .text.TIM_Base_SetConfig
                0x08005e38       0xcc ./Drivers/STM32H5xx_HAL_Driver/Src/stm32h5xx_hal_tim.o
                0x08005e38                TIM_Base_SetConfig
 .text.TIM_TI1_ConfigInputStage
                0x08005f04       0x5e ./Drivers/STM32H5xx_HAL_Driver/Src/stm32h5xx_hal_tim.o
 .text.TIM_TI2_ConfigInputStage
                0x08005f62       0x60 ./Drivers/STM32H5xx_HAL_Driver/Src/stm32h5xx_hal_tim.o
 .text.TIM_ITRx_SetConfig
                0x08005fc2       0x3a ./Drivers/STM32H5xx_HAL_Driver/Src/stm32h5xx_hal_tim.o
 .text.TIM_ETR_SetConfig
                0x08005ffc       0x40 ./Drivers/STM32H5xx_HAL_Driver/Src/stm32h5xx_hal_tim.o
                0x08005ffc                TIM_ETR_SetConfig
 .text.HAL_TIMEx_MasterConfigSynchronization
                0x0800603c       0xd0 ./Drivers/STM32H5xx_HAL_Driver/Src/stm32h5xx_hal_tim_ex.o
                0x0800603c                HAL_TIMEx_MasterConfigSynchronization
 .text.HAL_UART_Init
                0x0800610c       0xa0 ./Drivers/STM32H5xx_HAL_Driver/Src/stm32h5xx_hal_uart.o
                0x0800610c                HAL_UART_Init
 .text.HAL_UART_Transmit_IT
                0x080061ac      0x148 ./Drivers/STM32H5xx_HAL_Driver/Src/stm32h5xx_hal_uart.o
                0x080061ac                HAL_UART_Transmit_IT
 .text.HAL_UART_Receive_IT
                0x080062f4       0xb4 ./Drivers/STM32H5xx_HAL_Driver/Src/stm32h5xx_hal_uart.o
                0x080062f4                HAL_UART_Receive_IT
 .text.HAL_UART_AbortReceive_IT
                0x080063a8      0x168 ./Drivers/STM32H5xx_HAL_Driver/Src/stm32h5xx_hal_uart.o
                0x080063a8                HAL_UART_AbortReceive_IT
 .text.HAL_UART_IRQHandler
                0x08006510      0x5dc ./Drivers/STM32H5xx_HAL_Driver/Src/stm32h5xx_hal_uart.o
                0x08006510                HAL_UART_IRQHandler
 .text.HAL_UART_TxCpltCallback
                0x08006aec       0x14 ./Drivers/STM32H5xx_HAL_Driver/Src/stm32h5xx_hal_uart.o
                0x08006aec                HAL_UART_TxCpltCallback
 .text.HAL_UART_ErrorCallback
                0x08006b00       0x14 ./Drivers/STM32H5xx_HAL_Driver/Src/stm32h5xx_hal_uart.o
                0x08006b00                HAL_UART_ErrorCallback
 .text.HAL_UART_AbortReceiveCpltCallback
                0x08006b14       0x14 ./Drivers/STM32H5xx_HAL_Driver/Src/stm32h5xx_hal_uart.o
                0x08006b14                HAL_UART_AbortReceiveCpltCallback
 .text.HAL_UARTEx_RxEventCallback
                0x08006b28       0x18 ./Drivers/STM32H5xx_HAL_Driver/Src/stm32h5xx_hal_uart.o
                0x08006b28                HAL_UARTEx_RxEventCallback
 .text.UART_SetConfig
                0x08006b40      0x2fc ./Drivers/STM32H5xx_HAL_Driver/Src/stm32h5xx_hal_uart.o
                0x08006b40                UART_SetConfig
 .text.UART_AdvFeatureConfig
                0x08006e3c      0x144 ./Drivers/STM32H5xx_HAL_Driver/Src/stm32h5xx_hal_uart.o
                0x08006e3c                UART_AdvFeatureConfig
 .text.UART_CheckIdleState
                0x08006f80      0x154 ./Drivers/STM32H5xx_HAL_Driver/Src/stm32h5xx_hal_uart.o
                0x08006f80                UART_CheckIdleState
 .text.UART_WaitOnFlagUntilTimeout
                0x080070d4       0xda ./Drivers/STM32H5xx_HAL_Driver/Src/stm32h5xx_hal_uart.o
                0x080070d4                UART_WaitOnFlagUntilTimeout
 *fill*         0x080071ae        0x2 
 .text.UART_Start_Receive_IT
                0x080071b0      0x244 ./Drivers/STM32H5xx_HAL_Driver/Src/stm32h5xx_hal_uart.o
                0x080071b0                UART_Start_Receive_IT
 .text.UART_EndRxTransfer
                0x080073f4       0xcc ./Drivers/STM32H5xx_HAL_Driver/Src/stm32h5xx_hal_uart.o
 .text.UART_DMAAbortOnError
                0x080074c0       0x24 ./Drivers/STM32H5xx_HAL_Driver/Src/stm32h5xx_hal_uart.o
 .text.UART_DMARxOnlyAbortCallback
                0x080074e4       0x4a ./Drivers/STM32H5xx_HAL_Driver/Src/stm32h5xx_hal_uart.o
 .text.UART_TxISR_8BIT
                0x0800752e       0xb8 ./Drivers/STM32H5xx_HAL_Driver/Src/stm32h5xx_hal_uart.o
 .text.UART_TxISR_16BIT
                0x080075e6       0xc2 ./Drivers/STM32H5xx_HAL_Driver/Src/stm32h5xx_hal_uart.o
 .text.UART_TxISR_8BIT_FIFOEN
                0x080076a8       0xe0 ./Drivers/STM32H5xx_HAL_Driver/Src/stm32h5xx_hal_uart.o
 .text.UART_TxISR_16BIT_FIFOEN
                0x08007788       0xea ./Drivers/STM32H5xx_HAL_Driver/Src/stm32h5xx_hal_uart.o
 .text.UART_EndTransmit_IT
                0x08007872       0x56 ./Drivers/STM32H5xx_HAL_Driver/Src/stm32h5xx_hal_uart.o
 .text.UART_RxISR_8BIT
                0x080078c8      0x1b8 ./Drivers/STM32H5xx_HAL_Driver/Src/stm32h5xx_hal_uart.o
 .text.UART_RxISR_16BIT
                0x08007a80      0x1b8 ./Drivers/STM32H5xx_HAL_Driver/Src/stm32h5xx_hal_uart.o
 .text.UART_RxISR_8BIT_FIFOEN
                0x08007c38      0x364 ./Drivers/STM32H5xx_HAL_Driver/Src/stm32h5xx_hal_uart.o
 .text.UART_RxISR_16BIT_FIFOEN
                0x08007f9c      0x36c ./Drivers/STM32H5xx_HAL_Driver/Src/stm32h5xx_hal_uart.o
 .text.HAL_UARTEx_WakeupCallback
                0x08008308       0x14 ./Drivers/STM32H5xx_HAL_Driver/Src/stm32h5xx_hal_uart_ex.o
                0x08008308                HAL_UARTEx_WakeupCallback
 .text.HAL_UARTEx_RxFifoFullCallback
                0x0800831c       0x14 ./Drivers/STM32H5xx_HAL_Driver/Src/stm32h5xx_hal_uart_ex.o
                0x0800831c                HAL_UARTEx_RxFifoFullCallback
 .text.HAL_UARTEx_TxFifoEmptyCallback
                0x08008330       0x14 ./Drivers/STM32H5xx_HAL_Driver/Src/stm32h5xx_hal_uart_ex.o
                0x08008330                HAL_UARTEx_TxFifoEmptyCallback
 .text.HAL_UARTEx_DisableFifoMode
                0x08008344       0x72 ./Drivers/STM32H5xx_HAL_Driver/Src/stm32h5xx_hal_uart_ex.o
                0x08008344                HAL_UARTEx_DisableFifoMode
 .text.HAL_UARTEx_SetTxFifoThreshold
                0x080083b6       0x7c ./Drivers/STM32H5xx_HAL_Driver/Src/stm32h5xx_hal_uart_ex.o
                0x080083b6                HAL_UARTEx_SetTxFifoThreshold
 .text.HAL_UARTEx_SetRxFifoThreshold
                0x08008432       0x7c ./Drivers/STM32H5xx_HAL_Driver/Src/stm32h5xx_hal_uart_ex.o
                0x08008432                HAL_UARTEx_SetRxFifoThreshold
 *fill*         0x080084ae        0x2 
 .text.UARTEx_SetNbDataToProcess
                0x080084b0       0x9c ./Drivers/STM32H5xx_HAL_Driver/Src/stm32h5xx_hal_uart_ex.o
 .text.memset   0x0800854c       0x10 C:/ST/STM32CubeIDE_1.17.0/STM32CubeIDE/plugins/com.st.stm32cube.ide.mcu.externaltools.gnu-tools-for-stm32.12.3.rel1.win32_1.1.0.202410251130/tools/bin/../lib/gcc/arm-none-eabi/12.3.1/../../../../arm-none-eabi/lib/thumb/v8-m.main+fp/hard\libc_nano.a(libc_a-memset.o)
                0x0800854c                memset
 .text.__libc_init_array
                0x0800855c       0x48 C:/ST/STM32CubeIDE_1.17.0/STM32CubeIDE/plugins/com.st.stm32cube.ide.mcu.externaltools.gnu-tools-for-stm32.12.3.rel1.win32_1.1.0.202410251130/tools/bin/../lib/gcc/arm-none-eabi/12.3.1/../../../../arm-none-eabi/lib/thumb/v8-m.main+fp/hard\libc_nano.a(libc_a-init.o)
                0x0800855c                __libc_init_array
 *(.glue_7)
 .glue_7        0x080085a4        0x0 linker stubs
 *(.glue_7t)
 .glue_7t       0x080085a4        0x0 linker stubs
 *(.eh_frame)
 .eh_frame      0x080085a4        0x0 C:/ST/STM32CubeIDE_1.17.0/STM32CubeIDE/plugins/com.st.stm32cube.ide.mcu.externaltools.gnu-tools-for-stm32.12.3.rel1.win32_1.1.0.202410251130/tools/bin/../lib/gcc/arm-none-eabi/12.3.1/thumb/v8-m.main+fp/hard/crtbegin.o
 *(.init)
 .init          0x080085a4        0x4 C:/ST/STM32CubeIDE_1.17.0/STM32CubeIDE/plugins/com.st.stm32cube.ide.mcu.externaltools.gnu-tools-for-stm32.12.3.rel1.win32_1.1.0.202410251130/tools/bin/../lib/gcc/arm-none-eabi/12.3.1/thumb/v8-m.main+fp/hard/crti.o
                0x080085a4                _init
 .init          0x080085a8        0x8 C:/ST/STM32CubeIDE_1.17.0/STM32CubeIDE/plugins/com.st.stm32cube.ide.mcu.externaltools.gnu-tools-for-stm32.12.3.rel1.win32_1.1.0.202410251130/tools/bin/../lib/gcc/arm-none-eabi/12.3.1/thumb/v8-m.main+fp/hard/crtn.o
 *(.fini)
 .fini          0x080085b0        0x4 C:/ST/STM32CubeIDE_1.17.0/STM32CubeIDE/plugins/com.st.stm32cube.ide.mcu.externaltools.gnu-tools-for-stm32.12.3.rel1.win32_1.1.0.202410251130/tools/bin/../lib/gcc/arm-none-eabi/12.3.1/thumb/v8-m.main+fp/hard/crti.o
                0x080085b0                _fini
 .fini          0x080085b4        0x8 C:/ST/STM32CubeIDE_1.17.0/STM32CubeIDE/plugins/com.st.stm32cube.ide.mcu.externaltools.gnu-tools-for-stm32.12.3.rel1.win32_1.1.0.202410251130/tools/bin/../lib/gcc/arm-none-eabi/12.3.1/thumb/v8-m.main+fp/hard/crtn.o
                0x080085bc                        . = ALIGN (0x4)
                0x080085bc                        _etext = .

.vfp11_veneer   0x080085bc        0x0
 .vfp11_veneer  0x080085bc        0x0 linker stubs

.v4_bx          0x080085bc        0x0
 .v4_bx         0x080085bc        0x0 linker stubs

.iplt           0x080085bc        0x0
 .iplt          0x080085bc        0x0 C:/ST/STM32CubeIDE_1.17.0/STM32CubeIDE/plugins/com.st.stm32cube.ide.mcu.externaltools.gnu-tools-for-stm32.12.3.rel1.win32_1.1.0.202410251130/tools/bin/../lib/gcc/arm-none-eabi/12.3.1/thumb/v8-m.main+fp/hard/crtbegin.o

.rodata         0x080085bc       0x40
                0x080085bc                        . = ALIGN (0x4)
 *(.rodata)
 *(.rodata*)
 .rodata.AHBPrescTable
                0x080085bc       0x10 ./Core/Src/system_stm32h5xx.o
                0x080085bc                AHBPrescTable
 .rodata.APBPrescTable
                0x080085cc        0x8 ./Core/Src/system_stm32h5xx.o
                0x080085cc                APBPrescTable
 .rodata.UARTPrescTable
                0x080085d4       0x18 ./Drivers/STM32H5xx_HAL_Driver/Src/stm32h5xx_hal_uart.o
                0x080085d4                UARTPrescTable
 .rodata.numerator.1
                0x080085ec        0x8 ./Drivers/STM32H5xx_HAL_Driver/Src/stm32h5xx_hal_uart_ex.o
 .rodata.denominator.0
                0x080085f4        0x8 ./Drivers/STM32H5xx_HAL_Driver/Src/stm32h5xx_hal_uart_ex.o
                0x080085fc                        . = ALIGN (0x4)

.ARM.extab      0x080085fc        0x0
                0x080085fc                        . = ALIGN (0x4)
 *(.ARM.extab* .gnu.linkonce.armextab.*)
                0x080085fc                        . = ALIGN (0x4)

.ARM            0x080085fc        0x8
                0x080085fc                        . = ALIGN (0x4)
                0x080085fc                        __exidx_start = .
 *(.ARM.exidx*)
 .ARM.exidx     0x080085fc        0x8 C:/ST/STM32CubeIDE_1.17.0/STM32CubeIDE/plugins/com.st.stm32cube.ide.mcu.externaltools.gnu-tools-for-stm32.12.3.rel1.win32_1.1.0.202410251130/tools/bin/../lib/gcc/arm-none-eabi/12.3.1/thumb/v8-m.main+fp/hard\libgcc.a(_udivmoddi4.o)
                0x08008604                        __exidx_end = .
                0x08008604                        . = ALIGN (0x4)

.preinit_array  0x08008604        0x0
                0x08008604                        . = ALIGN (0x4)
                0x08008604                        PROVIDE (__preinit_array_start = .)
 *(.preinit_array*)
                0x08008604                        PROVIDE (__preinit_array_end = .)
                0x08008604                        . = ALIGN (0x4)

.init_array     0x08008604        0x4
                0x08008604                        . = ALIGN (0x4)
                0x08008604                        PROVIDE (__init_array_start = .)
 *(SORT_BY_NAME(.init_array.*))
 *(.init_array*)
 .init_array    0x08008604        0x4 C:/ST/STM32CubeIDE_1.17.0/STM32CubeIDE/plugins/com.st.stm32cube.ide.mcu.externaltools.gnu-tools-for-stm32.12.3.rel1.win32_1.1.0.202410251130/tools/bin/../lib/gcc/arm-none-eabi/12.3.1/thumb/v8-m.main+fp/hard/crtbegin.o
                0x08008608                        PROVIDE (__init_array_end = .)
                0x08008608                        . = ALIGN (0x4)

.fini_array     0x08008608        0x4
                0x08008608                        . = ALIGN (0x4)
                [!provide]                        PROVIDE (__fini_array_start = .)
 *(SORT_BY_NAME(.fini_array.*))
 *(.fini_array*)
 .fini_array    0x08008608        0x4 C:/ST/STM32CubeIDE_1.17.0/STM32CubeIDE/plugins/com.st.stm32cube.ide.mcu.externaltools.gnu-tools-for-stm32.12.3.rel1.win32_1.1.0.202410251130/tools/bin/../lib/gcc/arm-none-eabi/12.3.1/thumb/v8-m.main+fp/hard/crtbegin.o
                [!provide]                        PROVIDE (__fini_array_end = .)
                0x0800860c                        . = ALIGN (0x4)
                0x0800860c                        _sidata = LOADADDR (.data)

.rel.dyn        0x0800860c        0x0
 .rel.iplt      0x0800860c        0x0 C:/ST/STM32CubeIDE_1.17.0/STM32CubeIDE/plugins/com.st.stm32cube.ide.mcu.externaltools.gnu-tools-for-stm32.12.3.rel1.win32_1.1.0.202410251130/tools/bin/../lib/gcc/arm-none-eabi/12.3.1/thumb/v8-m.main+fp/hard/crtbegin.o

.data           0x20000000       0x18 load address 0x0800860c
                0x20000000                        . = ALIGN (0x4)
                0x20000000                        _sdata = .
 *(.data)
 *(.data*)
 .data.SystemCoreClock
                0x20000000        0x4 ./Core/Src/system_stm32h5xx.o
                0x20000000                SystemCoreClock
 .data.ptrBufTime
                0x20000004        0x4 ./Core/Src/uart.o
                0x20000004                ptrBufTime
 .data.ptrbufGpio
                0x20000008        0x4 ./Core/Src/uart.o
                0x20000008                ptrbufGpio
 .data.uartProcess
                0x2000000c        0x1 ./Core/Src/uart.o
                0x2000000c                uartProcess
 *fill*         0x2000000d        0x3 
 .data.uwTickPrio
                0x20000010        0x4 ./Drivers/STM32H5xx_HAL_Driver/Src/stm32h5xx_hal.o
                0x20000010                uwTickPrio
 .data.uwTickFreq
                0x20000014        0x1 ./Drivers/STM32H5xx_HAL_Driver/Src/stm32h5xx_hal.o
                0x20000014                uwTickFreq
 *(.RamFunc)
 *(.RamFunc*)
                0x20000018                        . = ALIGN (0x4)
 *fill*         0x20000015        0x3 
                0x20000018                        _edata = .

.igot.plt       0x20000018        0x0 load address 0x08008624
 .igot.plt      0x20000018        0x0 C:/ST/STM32CubeIDE_1.17.0/STM32CubeIDE/plugins/com.st.stm32cube.ide.mcu.externaltools.gnu-tools-for-stm32.12.3.rel1.win32_1.1.0.202410251130/tools/bin/../lib/gcc/arm-none-eabi/12.3.1/thumb/v8-m.main+fp/hard/crtbegin.o
                0x20000018                        . = ALIGN (0x4)

.bss            0x20000018     0x6230 load address 0x08008624
                0x20000018                        _sbss = .
                0x20000018                        __bss_start__ = _sbss
 *(.bss)
 .bss           0x20000018       0x1c C:/ST/STM32CubeIDE_1.17.0/STM32CubeIDE/plugins/com.st.stm32cube.ide.mcu.externaltools.gnu-tools-for-stm32.12.3.rel1.win32_1.1.0.202410251130/tools/bin/../lib/gcc/arm-none-eabi/12.3.1/thumb/v8-m.main+fp/hard/crtbegin.o
 *(.bss*)
 .bss.handle_GPDMA2_Channel0
                0x20000034       0x78 ./Core/Src/main.o
                0x20000034                handle_GPDMA2_Channel0
 .bss.htim2     0x200000ac       0x4c ./Core/Src/main.o
                0x200000ac                htim2
 .bss.handle_GPDMA1_Channel0
                0x200000f8       0x78 ./Core/Src/main.o
                0x200000f8                handle_GPDMA1_Channel0
 .bss.huart1    0x20000170       0x94 ./Core/Src/main.o
                0x20000170                huart1
 .bss.bufTime   0x20000204     0x300c ./Core/Src/uart.o
                0x20000204                bufTime
 .bss.bufGpio   0x20003210     0x300c ./Core/Src/uart.o
                0x20003210                bufGpio
 .bss.txBufUart
                0x2000621c        0xa ./Core/Src/uart.o
                0x2000621c                txBufUart
 *fill*         0x20006226        0x2 
 .bss.rxBufUart
                0x20006228        0xa ./Core/Src/uart.o
                0x20006228                rxBufUart
 .bss.calbackOk
                0x20006232        0x1 ./Core/Src/uart.o
                0x20006232                calbackOk
 .bss.timeoutStart
                0x20006233        0x1 ./Core/Src/uart.o
                0x20006233                timeoutStart
 .bss.dataNotEmpty
                0x20006234        0x1 ./Core/Src/uart.o
                0x20006234                dataNotEmpty
 .bss.outVoltage
                0x20006235        0x1 ./Core/Src/uart.o
                0x20006235                outVoltage
 *fill*         0x20006236        0x2 
 .bss.start_time
                0x20006238        0x4 ./Core/Src/uart.o
                0x20006238                start_time
 .bss.lenght    0x2000623c        0x4 ./Core/Src/uart.o
                0x2000623c                lenght
 .bss.ledblinkTime
                0x20006240        0x4 ./Core/Src/work.o
                0x20006240                ledblinkTime
 .bss.uwTick    0x20006244        0x4 ./Drivers/STM32H5xx_HAL_Driver/Src/stm32h5xx_hal.o
                0x20006244                uwTick
 *(COMMON)
                0x20006248                        . = ALIGN (0x4)
                0x20006248                        _ebss = .
                0x20006248                        __bss_end__ = _ebss

._user_heap_stack
                0x20006248      0x600 load address 0x08008624
                0x20006248                        . = ALIGN (0x8)
                [!provide]                        PROVIDE (end = .)
                0x20006248                        PROVIDE (_end = .)
                0x20006448                        . = (. + _Min_Heap_Size)
 *fill*         0x20006248      0x200 
                0x20006848                        . = (. + _Min_Stack_Size)
 *fill*         0x20006448      0x400 
                0x20006848                        . = ALIGN (0x8)

/DISCARD/
 libc.a(*)
 libm.a(*)
 libgcc.a(*)

.ARM.attributes
                0x00000000       0x36
 *(.ARM.attributes)
 .ARM.attributes
                0x00000000       0x26 C:/ST/STM32CubeIDE_1.17.0/STM32CubeIDE/plugins/com.st.stm32cube.ide.mcu.externaltools.gnu-tools-for-stm32.12.3.rel1.win32_1.1.0.202410251130/tools/bin/../lib/gcc/arm-none-eabi/12.3.1/thumb/v8-m.main+fp/hard/crti.o
 .ARM.attributes
                0x00000026       0x38 C:/ST/STM32CubeIDE_1.17.0/STM32CubeIDE/plugins/com.st.stm32cube.ide.mcu.externaltools.gnu-tools-for-stm32.12.3.rel1.win32_1.1.0.202410251130/tools/bin/../lib/gcc/arm-none-eabi/12.3.1/thumb/v8-m.main+fp/hard/crtbegin.o
 .ARM.attributes
                0x0000005e       0x3a ./Core/Src/main.o
 .ARM.attributes
                0x00000098       0x3a ./Core/Src/stm32h5xx_hal_msp.o
 .ARM.attributes
                0x000000d2       0x3a ./Core/Src/stm32h5xx_it.o
 .ARM.attributes
                0x0000010c       0x3a ./Core/Src/system_stm32h5xx.o
 .ARM.attributes
                0x00000146       0x3a ./Core/Src/uart.o
 .ARM.attributes
                0x00000180       0x3a ./Core/Src/work.o
 .ARM.attributes
                0x000001ba       0x24 ./Core/Startup/startup_stm32h503cbtx.o
 .ARM.attributes
                0x000001de       0x3a ./Drivers/STM32H5xx_HAL_Driver/Src/stm32h5xx_hal.o
 .ARM.attributes
                0x00000218       0x3a ./Drivers/STM32H5xx_HAL_Driver/Src/stm32h5xx_hal_cortex.o
 .ARM.attributes
                0x00000252       0x3a ./Drivers/STM32H5xx_HAL_Driver/Src/stm32h5xx_hal_dma.o
 .ARM.attributes
                0x0000028c       0x3a ./Drivers/STM32H5xx_HAL_Driver/Src/stm32h5xx_hal_dma_ex.o
 .ARM.attributes
                0x000002c6       0x3a ./Drivers/STM32H5xx_HAL_Driver/Src/stm32h5xx_hal_gpio.o
 .ARM.attributes
                0x00000300       0x3a ./Drivers/STM32H5xx_HAL_Driver/Src/stm32h5xx_hal_icache.o
 .ARM.attributes
                0x0000033a       0x3a ./Drivers/STM32H5xx_HAL_Driver/Src/stm32h5xx_hal_pwr.o
 .ARM.attributes
                0x00000374       0x3a ./Drivers/STM32H5xx_HAL_Driver/Src/stm32h5xx_hal_rcc.o
 .ARM.attributes
                0x000003ae       0x3a ./Drivers/STM32H5xx_HAL_Driver/Src/stm32h5xx_hal_rcc_ex.o
 .ARM.attributes
                0x000003e8       0x3a ./Drivers/STM32H5xx_HAL_Driver/Src/stm32h5xx_hal_tim.o
 .ARM.attributes
                0x00000422       0x3a ./Drivers/STM32H5xx_HAL_Driver/Src/stm32h5xx_hal_tim_ex.o
 .ARM.attributes
                0x0000045c       0x3a ./Drivers/STM32H5xx_HAL_Driver/Src/stm32h5xx_hal_uart.o
 .ARM.attributes
                0x00000496       0x3a ./Drivers/STM32H5xx_HAL_Driver/Src/stm32h5xx_hal_uart_ex.o
 .ARM.attributes
                0x000004d0       0x38 C:/ST/STM32CubeIDE_1.17.0/STM32CubeIDE/plugins/com.st.stm32cube.ide.mcu.externaltools.gnu-tools-for-stm32.12.3.rel1.win32_1.1.0.202410251130/tools/bin/../lib/gcc/arm-none-eabi/12.3.1/../../../../arm-none-eabi/lib/thumb/v8-m.main+fp/hard\libc_nano.a(libc_a-memset.o)
 .ARM.attributes
                0x00000508       0x38 C:/ST/STM32CubeIDE_1.17.0/STM32CubeIDE/plugins/com.st.stm32cube.ide.mcu.externaltools.gnu-tools-for-stm32.12.3.rel1.win32_1.1.0.202410251130/tools/bin/../lib/gcc/arm-none-eabi/12.3.1/../../../../arm-none-eabi/lib/thumb/v8-m.main+fp/hard\libc_nano.a(libc_a-init.o)
 .ARM.attributes
                0x00000540       0x26 C:/ST/STM32CubeIDE_1.17.0/STM32CubeIDE/plugins/com.st.stm32cube.ide.mcu.externaltools.gnu-tools-for-stm32.12.3.rel1.win32_1.1.0.202410251130/tools/bin/../lib/gcc/arm-none-eabi/12.3.1/thumb/v8-m.main+fp/hard\libgcc.a(_aeabi_uldivmod.o)
 .ARM.attributes
                0x00000566       0x38 C:/ST/STM32CubeIDE_1.17.0/STM32CubeIDE/plugins/com.st.stm32cube.ide.mcu.externaltools.gnu-tools-for-stm32.12.3.rel1.win32_1.1.0.202410251130/tools/bin/../lib/gcc/arm-none-eabi/12.3.1/thumb/v8-m.main+fp/hard\libgcc.a(_udivmoddi4.o)
 .ARM.attributes
                0x0000059e       0x26 C:/ST/STM32CubeIDE_1.17.0/STM32CubeIDE/plugins/com.st.stm32cube.ide.mcu.externaltools.gnu-tools-for-stm32.12.3.rel1.win32_1.1.0.202410251130/tools/bin/../lib/gcc/arm-none-eabi/12.3.1/thumb/v8-m.main+fp/hard\libgcc.a(_dvmd_tls.o)
 .ARM.attributes
                0x000005c4       0x26 C:/ST/STM32CubeIDE_1.17.0/STM32CubeIDE/plugins/com.st.stm32cube.ide.mcu.externaltools.gnu-tools-for-stm32.12.3.rel1.win32_1.1.0.202410251130/tools/bin/../lib/gcc/arm-none-eabi/12.3.1/thumb/v8-m.main+fp/hard/crtn.o
OUTPUT(LIRK.elf elf32-littlearm)
LOAD linker stubs
LOAD C:/ST/STM32CubeIDE_1.17.0/STM32CubeIDE/plugins/com.st.stm32cube.ide.mcu.externaltools.gnu-tools-for-stm32.12.3.rel1.win32_1.1.0.202410251130/tools/bin/../lib/gcc/arm-none-eabi/12.3.1/../../../../arm-none-eabi/lib/thumb/v8-m.main+fp/hard\libc.a
LOAD C:/ST/STM32CubeIDE_1.17.0/STM32CubeIDE/plugins/com.st.stm32cube.ide.mcu.externaltools.gnu-tools-for-stm32.12.3.rel1.win32_1.1.0.202410251130/tools/bin/../lib/gcc/arm-none-eabi/12.3.1/../../../../arm-none-eabi/lib/thumb/v8-m.main+fp/hard\libm.a
LOAD C:/ST/STM32CubeIDE_1.17.0/STM32CubeIDE/plugins/com.st.stm32cube.ide.mcu.externaltools.gnu-tools-for-stm32.12.3.rel1.win32_1.1.0.202410251130/tools/bin/../lib/gcc/arm-none-eabi/12.3.1/thumb/v8-m.main+fp/hard\libgcc.a

.debug_info     0x00000000    0x17d9c
 .debug_info    0x00000000     0x1e8f ./Core/Src/main.o
 .debug_info    0x00001e8f     0x1775 ./Core/Src/stm32h5xx_hal_msp.o
 .debug_info    0x00003604      0x9a9 ./Core/Src/stm32h5xx_it.o
 .debug_info    0x00003fad      0xc0b ./Core/Src/system_stm32h5xx.o
 .debug_info    0x00004bb8      0xaac ./Core/Src/uart.o
 .debug_info    0x00005664      0xc8e ./Core/Src/work.o
 .debug_info    0x000062f2       0x30 ./Core/Startup/startup_stm32h503cbtx.o
 .debug_info    0x00006322     0x1069 ./Drivers/STM32H5xx_HAL_Driver/Src/stm32h5xx_hal.o
 .debug_info    0x0000738b     0x1522 ./Drivers/STM32H5xx_HAL_Driver/Src/stm32h5xx_hal_cortex.o
 .debug_info    0x000088ad      0xa85 ./Drivers/STM32H5xx_HAL_Driver/Src/stm32h5xx_hal_dma.o
 .debug_info    0x00009332     0x1902 ./Drivers/STM32H5xx_HAL_Driver/Src/stm32h5xx_hal_dma_ex.o
 .debug_info    0x0000ac34      0x6aa ./Drivers/STM32H5xx_HAL_Driver/Src/stm32h5xx_hal_gpio.o
 .debug_info    0x0000b2de      0x377 ./Drivers/STM32H5xx_HAL_Driver/Src/stm32h5xx_hal_icache.o
 .debug_info    0x0000b655      0x9fb ./Drivers/STM32H5xx_HAL_Driver/Src/stm32h5xx_hal_pwr.o
 .debug_info    0x0000c050      0xfdf ./Drivers/STM32H5xx_HAL_Driver/Src/stm32h5xx_hal_rcc.o
 .debug_info    0x0000d02f      0xf52 ./Drivers/STM32H5xx_HAL_Driver/Src/stm32h5xx_hal_rcc_ex.o
 .debug_info    0x0000df81     0x2e54 ./Drivers/STM32H5xx_HAL_Driver/Src/stm32h5xx_hal_tim.o
 .debug_info    0x00010dd5     0x1eaa ./Drivers/STM32H5xx_HAL_Driver/Src/stm32h5xx_hal_tim_ex.o
 .debug_info    0x00012c7f     0x4030 ./Drivers/STM32H5xx_HAL_Driver/Src/stm32h5xx_hal_uart.o
 .debug_info    0x00016caf     0x10ed ./Drivers/STM32H5xx_HAL_Driver/Src/stm32h5xx_hal_uart_ex.o

.debug_abbrev   0x00000000     0x2c63
 .debug_abbrev  0x00000000      0x306 ./Core/Src/main.o
 .debug_abbrev  0x00000306      0x237 ./Core/Src/stm32h5xx_hal_msp.o
 .debug_abbrev  0x0000053d      0x186 ./Core/Src/stm32h5xx_it.o
 .debug_abbrev  0x000006c3      0x13a ./Core/Src/system_stm32h5xx.o
 .debug_abbrev  0x000007fd      0x1e2 ./Core/Src/uart.o
 .debug_abbrev  0x000009df      0x25c ./Core/Src/work.o
 .debug_abbrev  0x00000c3b       0x24 ./Core/Startup/startup_stm32h503cbtx.o
 .debug_abbrev  0x00000c5f      0x2ac ./Drivers/STM32H5xx_HAL_Driver/Src/stm32h5xx_hal.o
 .debug_abbrev  0x00000f0b      0x311 ./Drivers/STM32H5xx_HAL_Driver/Src/stm32h5xx_hal_cortex.o
 .debug_abbrev  0x0000121c      0x1ff ./Drivers/STM32H5xx_HAL_Driver/Src/stm32h5xx_hal_dma.o
 .debug_abbrev  0x0000141b      0x21d ./Drivers/STM32H5xx_HAL_Driver/Src/stm32h5xx_hal_dma_ex.o
 .debug_abbrev  0x00001638      0x1db ./Drivers/STM32H5xx_HAL_Driver/Src/stm32h5xx_hal_gpio.o
 .debug_abbrev  0x00001813      0x1e4 ./Drivers/STM32H5xx_HAL_Driver/Src/stm32h5xx_hal_icache.o
 .debug_abbrev  0x000019f7      0x225 ./Drivers/STM32H5xx_HAL_Driver/Src/stm32h5xx_hal_pwr.o
 .debug_abbrev  0x00001c1c      0x28e ./Drivers/STM32H5xx_HAL_Driver/Src/stm32h5xx_hal_rcc.o
 .debug_abbrev  0x00001eaa      0x25c ./Drivers/STM32H5xx_HAL_Driver/Src/stm32h5xx_hal_rcc_ex.o
 .debug_abbrev  0x00002106      0x2bd ./Drivers/STM32H5xx_HAL_Driver/Src/stm32h5xx_hal_tim.o
 .debug_abbrev  0x000023c3      0x2c7 ./Drivers/STM32H5xx_HAL_Driver/Src/stm32h5xx_hal_tim_ex.o
 .debug_abbrev  0x0000268a      0x305 ./Drivers/STM32H5xx_HAL_Driver/Src/stm32h5xx_hal_uart.o
 .debug_abbrev  0x0000298f      0x2d4 ./Drivers/STM32H5xx_HAL_Driver/Src/stm32h5xx_hal_uart_ex.o

.debug_aranges  0x00000000     0x1368
 .debug_aranges
                0x00000000       0x60 ./Core/Src/main.o
 .debug_aranges
                0x00000060       0x40 ./Core/Src/stm32h5xx_hal_msp.o
 .debug_aranges
                0x000000a0       0x78 ./Core/Src/stm32h5xx_it.o
 .debug_aranges
                0x00000118       0x28 ./Core/Src/system_stm32h5xx.o
 .debug_aranges
                0x00000140       0x40 ./Core/Src/uart.o
 .debug_aranges
                0x00000180       0x48 ./Core/Src/work.o
 .debug_aranges
                0x000001c8       0x28 ./Core/Startup/startup_stm32h503cbtx.o
 .debug_aranges
                0x000001f0      0x1a0 ./Drivers/STM32H5xx_HAL_Driver/Src/stm32h5xx_hal.o
 .debug_aranges
                0x00000390      0x140 ./Drivers/STM32H5xx_HAL_Driver/Src/stm32h5xx_hal_cortex.o
 .debug_aranges
                0x000004d0       0x98 ./Drivers/STM32H5xx_HAL_Driver/Src/stm32h5xx_hal_dma.o
 .debug_aranges
                0x00000568      0x1a0 ./Drivers/STM32H5xx_HAL_Driver/Src/stm32h5xx_hal_dma_ex.o
 .debug_aranges
                0x00000708       0x78 ./Drivers/STM32H5xx_HAL_Driver/Src/stm32h5xx_hal_gpio.o
 .debug_aranges
                0x00000780       0x98 ./Drivers/STM32H5xx_HAL_Driver/Src/stm32h5xx_hal_icache.o
 .debug_aranges
                0x00000818       0xb0 ./Drivers/STM32H5xx_HAL_Driver/Src/stm32h5xx_hal_pwr.o
 .debug_aranges
                0x000008c8       0xa0 ./Drivers/STM32H5xx_HAL_Driver/Src/stm32h5xx_hal_rcc.o
 .debug_aranges
                0x00000968       0xe8 ./Drivers/STM32H5xx_HAL_Driver/Src/stm32h5xx_hal_rcc_ex.o
 .debug_aranges
                0x00000a50      0x3e8 ./Drivers/STM32H5xx_HAL_Driver/Src/stm32h5xx_hal_tim.o
 .debug_aranges
                0x00000e38      0x240 ./Drivers/STM32H5xx_HAL_Driver/Src/stm32h5xx_hal_tim_ex.o
 .debug_aranges
                0x00001078      0x248 ./Drivers/STM32H5xx_HAL_Driver/Src/stm32h5xx_hal_uart.o
 .debug_aranges
                0x000012c0       0xa8 ./Drivers/STM32H5xx_HAL_Driver/Src/stm32h5xx_hal_uart_ex.o

.debug_rnglists
                0x00000000      0xf2b
 .debug_rnglists
                0x00000000       0x48 ./Core/Src/main.o
 .debug_rnglists
                0x00000048       0x2d ./Core/Src/stm32h5xx_hal_msp.o
 .debug_rnglists
                0x00000075       0x55 ./Core/Src/stm32h5xx_it.o
 .debug_rnglists
                0x000000ca       0x1b ./Core/Src/system_stm32h5xx.o
 .debug_rnglists
                0x000000e5       0x2d ./Core/Src/uart.o
 .debug_rnglists
                0x00000112       0x32 ./Core/Src/work.o
 .debug_rnglists
                0x00000144       0x19 ./Core/Startup/startup_stm32h503cbtx.o
 .debug_rnglists
                0x0000015d      0x134 ./Drivers/STM32H5xx_HAL_Driver/Src/stm32h5xx_hal.o
 .debug_rnglists
                0x00000291       0xec ./Drivers/STM32H5xx_HAL_Driver/Src/stm32h5xx_hal_cortex.o
 .debug_rnglists
                0x0000037d       0x77 ./Drivers/STM32H5xx_HAL_Driver/Src/stm32h5xx_hal_dma.o
 .debug_rnglists
                0x000003f4      0x155 ./Drivers/STM32H5xx_HAL_Driver/Src/stm32h5xx_hal_dma_ex.o
 .debug_rnglists
                0x00000549       0x57 ./Drivers/STM32H5xx_HAL_Driver/Src/stm32h5xx_hal_gpio.o
 .debug_rnglists
                0x000005a0       0x6d ./Drivers/STM32H5xx_HAL_Driver/Src/stm32h5xx_hal_icache.o
 .debug_rnglists
                0x0000060d       0x80 ./Drivers/STM32H5xx_HAL_Driver/Src/stm32h5xx_hal_pwr.o
 .debug_rnglists
                0x0000068d       0x79 ./Drivers/STM32H5xx_HAL_Driver/Src/stm32h5xx_hal_rcc.o
 .debug_rnglists
                0x00000706       0xb4 ./Drivers/STM32H5xx_HAL_Driver/Src/stm32h5xx_hal_rcc_ex.o
 .debug_rnglists
                0x000007ba      0x32e ./Drivers/STM32H5xx_HAL_Driver/Src/stm32h5xx_hal_tim.o
 .debug_rnglists
                0x00000ae8      0x1cb ./Drivers/STM32H5xx_HAL_Driver/Src/stm32h5xx_hal_tim_ex.o
 .debug_rnglists
                0x00000cb3      0x1f9 ./Drivers/STM32H5xx_HAL_Driver/Src/stm32h5xx_hal_uart.o
 .debug_rnglists
                0x00000eac       0x7f ./Drivers/STM32H5xx_HAL_Driver/Src/stm32h5xx_hal_uart_ex.o

.debug_macro    0x00000000    0x211de
 .debug_macro   0x00000000      0x2a7 ./Core/Src/main.o
 .debug_macro   0x000002a7      0xaba ./Core/Src/main.o
 .debug_macro   0x00000d61      0x1d0 ./Core/Src/main.o
 .debug_macro   0x00000f31       0x22 ./Core/Src/main.o
 .debug_macro   0x00000f53       0x5b ./Core/Src/main.o
 .debug_macro   0x00000fae       0x2a ./Core/Src/main.o
 .debug_macro   0x00000fd8       0x94 ./Core/Src/main.o
 .debug_macro   0x0000106c       0x43 ./Core/Src/main.o
 .debug_macro   0x000010af       0x34 ./Core/Src/main.o
 .debug_macro   0x000010e3      0x189 ./Core/Src/main.o
 .debug_macro   0x0000126c       0x16 ./Core/Src/main.o
 .debug_macro   0x00001282       0x43 ./Core/Src/main.o
 .debug_macro   0x000012c5       0x57 ./Core/Src/main.o
 .debug_macro   0x0000131c       0x34 ./Core/Src/main.o
 .debug_macro   0x00001350       0x10 ./Core/Src/main.o
 .debug_macro   0x00001360       0x58 ./Core/Src/main.o
 .debug_macro   0x000013b8       0x8e ./Core/Src/main.o
 .debug_macro   0x00001446       0x1c ./Core/Src/main.o
 .debug_macro   0x00001462      0x177 ./Core/Src/main.o
 .debug_macro   0x000015d9      0x369 ./Core/Src/main.o
 .debug_macro   0x00001942      0x19b ./Core/Src/main.o
 .debug_macro   0x00001add       0x28 ./Core/Src/main.o
 .debug_macro   0x00001b05       0x42 ./Core/Src/main.o
 .debug_macro   0x00001b47      0x103 ./Core/Src/main.o
 .debug_macro   0x00001c4a       0x6a ./Core/Src/main.o
 .debug_macro   0x00001cb4      0x1df ./Core/Src/main.o
 .debug_macro   0x00001e93       0x1c ./Core/Src/main.o
 .debug_macro   0x00001eaf       0x29 ./Core/Src/main.o
 .debug_macro   0x00001ed8       0xfb ./Core/Src/main.o
 .debug_macro   0x00001fd3     0x1685 ./Core/Src/main.o
 .debug_macro   0x00003658       0x5e ./Core/Src/main.o
 .debug_macro   0x000036b6    0x11feb ./Core/Src/main.o
 .debug_macro   0x000156a1       0x6d ./Core/Src/main.o
 .debug_macro   0x0001570e     0x388a ./Core/Src/main.o
 .debug_macro   0x00018f98       0x63 ./Core/Src/main.o
 .debug_macro   0x00018ffb     0x146a ./Core/Src/main.o
 .debug_macro   0x0001a465      0x75e ./Core/Src/main.o
 .debug_macro   0x0001abc3      0x166 ./Core/Src/main.o
 .debug_macro   0x0001ad29      0x1ad ./Core/Src/main.o
 .debug_macro   0x0001aed6       0x6e ./Core/Src/main.o
 .debug_macro   0x0001af44      0x527 ./Core/Src/main.o
 .debug_macro   0x0001b46b      0x40f ./Core/Src/main.o
 .debug_macro   0x0001b87a       0xd6 ./Core/Src/main.o
 .debug_macro   0x0001b950      0x1cd ./Core/Src/main.o
 .debug_macro   0x0001bb1d      0x1c3 ./Core/Src/main.o
 .debug_macro   0x0001bce0      0x4e8 ./Core/Src/main.o
 .debug_macro   0x0001c1c8       0x58 ./Core/Src/main.o
 .debug_macro   0x0001c220      0x272 ./Core/Src/main.o
 .debug_macro   0x0001c492      0x1a6 ./Core/Src/main.o
 .debug_macro   0x0001c638      0xbe8 ./Core/Src/main.o
 .debug_macro   0x0001d220      0x2bd ./Core/Src/main.o
 .debug_macro   0x0001d4dd      0x693 ./Core/Src/main.o
 .debug_macro   0x0001db70       0xa6 ./Core/Src/main.o
 .debug_macro   0x0001dc16      0x20a ./Core/Src/main.o
 .debug_macro   0x0001de20      0x31f ./Core/Src/main.o
 .debug_macro   0x0001e13f       0x22 ./Core/Src/main.o
 .debug_macro   0x0001e161       0x2e ./Core/Src/main.o
 .debug_macro   0x0001e18f       0xb8 ./Core/Src/main.o
 .debug_macro   0x0001e247       0xac ./Core/Src/main.o
 .debug_macro   0x0001e2f3      0x2a7 ./Core/Src/stm32h5xx_hal_msp.o
 .debug_macro   0x0001e59a      0x2b1 ./Core/Src/stm32h5xx_it.o
 .debug_macro   0x0001e84b      0x27e ./Core/Src/system_stm32h5xx.o
 .debug_macro   0x0001eac9      0x28f ./Core/Src/uart.o
 .debug_macro   0x0001ed58      0x29e ./Core/Src/work.o
 .debug_macro   0x0001eff6       0xb2 ./Core/Src/work.o
 .debug_macro   0x0001f0a8      0x2a7 ./Drivers/STM32H5xx_HAL_Driver/Src/stm32h5xx_hal.o
 .debug_macro   0x0001f34f      0x277 ./Drivers/STM32H5xx_HAL_Driver/Src/stm32h5xx_hal_cortex.o
 .debug_macro   0x0001f5c6      0x278 ./Drivers/STM32H5xx_HAL_Driver/Src/stm32h5xx_hal_dma.o
 .debug_macro   0x0001f83e      0x278 ./Drivers/STM32H5xx_HAL_Driver/Src/stm32h5xx_hal_dma_ex.o
 .debug_macro   0x0001fab6      0x2ad ./Drivers/STM32H5xx_HAL_Driver/Src/stm32h5xx_hal_gpio.o
 .debug_macro   0x0001fd63      0x28f ./Drivers/STM32H5xx_HAL_Driver/Src/stm32h5xx_hal_icache.o
 .debug_macro   0x0001fff2      0x28f ./Drivers/STM32H5xx_HAL_Driver/Src/stm32h5xx_hal_pwr.o
 .debug_macro   0x00020281      0x2b9 ./Drivers/STM32H5xx_HAL_Driver/Src/stm32h5xx_hal_rcc.o
 .debug_macro   0x0002053a      0x283 ./Drivers/STM32H5xx_HAL_Driver/Src/stm32h5xx_hal_rcc_ex.o
 .debug_macro   0x000207bd      0x27f ./Drivers/STM32H5xx_HAL_Driver/Src/stm32h5xx_hal_tim.o
 .debug_macro   0x00020a3c      0x27d ./Drivers/STM32H5xx_HAL_Driver/Src/stm32h5xx_hal_tim_ex.o
 .debug_macro   0x00020cb9      0x2a2 ./Drivers/STM32H5xx_HAL_Driver/Src/stm32h5xx_hal_uart.o
 .debug_macro   0x00020f5b      0x283 ./Drivers/STM32H5xx_HAL_Driver/Src/stm32h5xx_hal_uart_ex.o

.debug_line     0x00000000    0x18a15
 .debug_line    0x00000000      0xb0b ./Core/Src/main.o
 .debug_line    0x00000b0b      0x98e ./Core/Src/stm32h5xx_hal_msp.o
 .debug_line    0x00001499      0x9c0 ./Core/Src/stm32h5xx_it.o
 .debug_line    0x00001e59      0xa06 ./Core/Src/system_stm32h5xx.o
 .debug_line    0x0000285f      0xa06 ./Core/Src/uart.o
 .debug_line    0x00003265      0x991 ./Core/Src/work.o
 .debug_line    0x00003bf6       0x77 ./Core/Startup/startup_stm32h503cbtx.o
 .debug_line    0x00003c6d      0xe56 ./Drivers/STM32H5xx_HAL_Driver/Src/stm32h5xx_hal.o
 .debug_line    0x00004ac3      0xf05 ./Drivers/STM32H5xx_HAL_Driver/Src/stm32h5xx_hal_cortex.o
 .debug_line    0x000059c8     0x1172 ./Drivers/STM32H5xx_HAL_Driver/Src/stm32h5xx_hal_dma.o
 .debug_line    0x00006b3a     0x277f ./Drivers/STM32H5xx_HAL_Driver/Src/stm32h5xx_hal_dma_ex.o
 .debug_line    0x000092b9      0xc91 ./Drivers/STM32H5xx_HAL_Driver/Src/stm32h5xx_hal_gpio.o
 .debug_line    0x00009f4a      0xacc ./Drivers/STM32H5xx_HAL_Driver/Src/stm32h5xx_hal_icache.o
 .debug_line    0x0000aa16      0xb10 ./Drivers/STM32H5xx_HAL_Driver/Src/stm32h5xx_hal_pwr.o
 .debug_line    0x0000b526     0x12f0 ./Drivers/STM32H5xx_HAL_Driver/Src/stm32h5xx_hal_rcc.o
 .debug_line    0x0000c816     0x1bda ./Drivers/STM32H5xx_HAL_Driver/Src/stm32h5xx_hal_rcc_ex.o
 .debug_line    0x0000e3f0     0x3d31 ./Drivers/STM32H5xx_HAL_Driver/Src/stm32h5xx_hal_tim.o
 .debug_line    0x00012121     0x2074 ./Drivers/STM32H5xx_HAL_Driver/Src/stm32h5xx_hal_tim_ex.o
 .debug_line    0x00014195     0x3995 ./Drivers/STM32H5xx_HAL_Driver/Src/stm32h5xx_hal_uart.o
 .debug_line    0x00017b2a      0xeeb ./Drivers/STM32H5xx_HAL_Driver/Src/stm32h5xx_hal_uart_ex.o

.debug_str      0x00000000    0xcf700
 .debug_str     0x00000000    0xca2a2 ./Core/Src/main.o
                              0xca6f3 (size before relaxing)
 .debug_str     0x000ca2a2      0x324 ./Core/Src/stm32h5xx_hal_msp.o
                              0xca412 (size before relaxing)
 .debug_str     0x000ca5c6      0x138 ./Core/Src/stm32h5xx_it.o
                              0xc970c (size before relaxing)
 .debug_str     0x000ca6fe      0x1bd ./Core/Src/system_stm32h5xx.o
                              0xc9177 (size before relaxing)
 .debug_str     0x000ca8bb      0x123 ./Core/Src/uart.o
                              0xc948c (size before relaxing)
 .debug_str     0x000ca9de      0x1ce ./Core/Src/work.o
                              0xc9975 (size before relaxing)
 .debug_str     0x000cabac       0x44 ./Core/Startup/startup_stm32h503cbtx.o
                                 0x7c (size before relaxing)
 .debug_str     0x000cabf0      0x80d ./Drivers/STM32H5xx_HAL_Driver/Src/stm32h5xx_hal.o
                              0xc9cea (size before relaxing)
 .debug_str     0x000cb3fd      0x3db ./Drivers/STM32H5xx_HAL_Driver/Src/stm32h5xx_hal_cortex.o
                              0xc9a54 (size before relaxing)
 .debug_str     0x000cb7d8      0x1f1 ./Drivers/STM32H5xx_HAL_Driver/Src/stm32h5xx_hal_dma.o
                              0xc93aa (size before relaxing)
 .debug_str     0x000cb9c9      0x8c3 ./Drivers/STM32H5xx_HAL_Driver/Src/stm32h5xx_hal_dma_ex.o
                              0xc9a42 (size before relaxing)
 .debug_str     0x000cc28c      0x290 ./Drivers/STM32H5xx_HAL_Driver/Src/stm32h5xx_hal_gpio.o
                              0xc9055 (size before relaxing)
 .debug_str     0x000cc51c      0x320 ./Drivers/STM32H5xx_HAL_Driver/Src/stm32h5xx_hal_icache.o
                              0xc9007 (size before relaxing)
 .debug_str     0x000cc83c      0x2a3 ./Drivers/STM32H5xx_HAL_Driver/Src/stm32h5xx_hal_pwr.o
                              0xc91a4 (size before relaxing)
 .debug_str     0x000ccadf      0x373 ./Drivers/STM32H5xx_HAL_Driver/Src/stm32h5xx_hal_rcc.o
                              0xc96b7 (size before relaxing)
 .debug_str     0x000cce52      0x57e ./Drivers/STM32H5xx_HAL_Driver/Src/stm32h5xx_hal_rcc_ex.o
                              0xc980e (size before relaxing)
 .debug_str     0x000cd3d0      0xf18 ./Drivers/STM32H5xx_HAL_Driver/Src/stm32h5xx_hal_tim.o
                              0xca4a3 (size before relaxing)
 .debug_str     0x000ce2e8      0x919 ./Drivers/STM32H5xx_HAL_Driver/Src/stm32h5xx_hal_tim_ex.o
                              0xca0cd (size before relaxing)
 .debug_str     0x000cec01      0x89b ./Drivers/STM32H5xx_HAL_Driver/Src/stm32h5xx_hal_uart.o
                              0xc9d3a (size before relaxing)
 .debug_str     0x000cf49c      0x264 ./Drivers/STM32H5xx_HAL_Driver/Src/stm32h5xx_hal_uart_ex.o
                              0xc970b (size before relaxing)

.comment        0x00000000       0x43
 .comment       0x00000000       0x43 ./Core/Src/main.o
                                 0x44 (size before relaxing)
 .comment       0x00000043       0x44 ./Core/Src/stm32h5xx_hal_msp.o
 .comment       0x00000043       0x44 ./Core/Src/stm32h5xx_it.o
 .comment       0x00000043       0x44 ./Core/Src/system_stm32h5xx.o
 .comment       0x00000043       0x44 ./Core/Src/uart.o
 .comment       0x00000043       0x44 ./Core/Src/work.o
 .comment       0x00000043       0x44 ./Drivers/STM32H5xx_HAL_Driver/Src/stm32h5xx_hal.o
 .comment       0x00000043       0x44 ./Drivers/STM32H5xx_HAL_Driver/Src/stm32h5xx_hal_cortex.o
 .comment       0x00000043       0x44 ./Drivers/STM32H5xx_HAL_Driver/Src/stm32h5xx_hal_dma.o
 .comment       0x00000043       0x44 ./Drivers/STM32H5xx_HAL_Driver/Src/stm32h5xx_hal_dma_ex.o
 .comment       0x00000043       0x44 ./Drivers/STM32H5xx_HAL_Driver/Src/stm32h5xx_hal_gpio.o
 .comment       0x00000043       0x44 ./Drivers/STM32H5xx_HAL_Driver/Src/stm32h5xx_hal_icache.o
 .comment       0x00000043       0x44 ./Drivers/STM32H5xx_HAL_Driver/Src/stm32h5xx_hal_pwr.o
 .comment       0x00000043       0x44 ./Drivers/STM32H5xx_HAL_Driver/Src/stm32h5xx_hal_rcc.o
 .comment       0x00000043       0x44 ./Drivers/STM32H5xx_HAL_Driver/Src/stm32h5xx_hal_rcc_ex.o
 .comment       0x00000043       0x44 ./Drivers/STM32H5xx_HAL_Driver/Src/stm32h5xx_hal_tim.o
 .comment       0x00000043       0x44 ./Drivers/STM32H5xx_HAL_Driver/Src/stm32h5xx_hal_tim_ex.o
 .comment       0x00000043       0x44 ./Drivers/STM32H5xx_HAL_Driver/Src/stm32h5xx_hal_uart.o
 .comment       0x00000043       0x44 ./Drivers/STM32H5xx_HAL_Driver/Src/stm32h5xx_hal_uart_ex.o

.debug_frame    0x00000000     0x527c
 .debug_frame   0x00000000      0x130 ./Core/Src/main.o
 .debug_frame   0x00000130       0xc4 ./Core/Src/stm32h5xx_hal_msp.o
 .debug_frame   0x000001f4      0x158 ./Core/Src/stm32h5xx_it.o
 .debug_frame   0x0000034c       0x60 ./Core/Src/system_stm32h5xx.o
 .debug_frame   0x000003ac       0xa8 ./Core/Src/uart.o
 .debug_frame   0x00000454       0xc8 ./Core/Src/work.o
 .debug_frame   0x0000051c      0x66c ./Drivers/STM32H5xx_HAL_Driver/Src/stm32h5xx_hal.o
 .debug_frame   0x00000b88      0x560 ./Drivers/STM32H5xx_HAL_Driver/Src/stm32h5xx_hal_cortex.o
 .debug_frame   0x000010e8      0x278 ./Drivers/STM32H5xx_HAL_Driver/Src/stm32h5xx_hal_dma.o
 .debug_frame   0x00001360      0x754 ./Drivers/STM32H5xx_HAL_Driver/Src/stm32h5xx_hal_dma_ex.o
 .debug_frame   0x00001ab4      0x1ec ./Drivers/STM32H5xx_HAL_Driver/Src/stm32h5xx_hal_gpio.o
 .debug_frame   0x00001ca0      0x248 ./Drivers/STM32H5xx_HAL_Driver/Src/stm32h5xx_hal_icache.o
 .debug_frame   0x00001ee8      0x2ac ./Drivers/STM32H5xx_HAL_Driver/Src/stm32h5xx_hal_pwr.o
 .debug_frame   0x00002194      0x264 ./Drivers/STM32H5xx_HAL_Driver/Src/stm32h5xx_hal_rcc.o
 .debug_frame   0x000023f8      0x3d8 ./Drivers/STM32H5xx_HAL_Driver/Src/stm32h5xx_hal_rcc_ex.o
 .debug_frame   0x000027d0     0x124c ./Drivers/STM32H5xx_HAL_Driver/Src/stm32h5xx_hal_tim.o
 .debug_frame   0x00003a1c      0xa68 ./Drivers/STM32H5xx_HAL_Driver/Src/stm32h5xx_hal_tim_ex.o
 .debug_frame   0x00004484      0xa84 ./Drivers/STM32H5xx_HAL_Driver/Src/stm32h5xx_hal_uart.o
 .debug_frame   0x00004f08      0x2c4 ./Drivers/STM32H5xx_HAL_Driver/Src/stm32h5xx_hal_uart_ex.o
 .debug_frame   0x000051cc       0x20 C:/ST/STM32CubeIDE_1.17.0/STM32CubeIDE/plugins/com.st.stm32cube.ide.mcu.externaltools.gnu-tools-for-stm32.12.3.rel1.win32_1.1.0.202410251130/tools/bin/../lib/gcc/arm-none-eabi/12.3.1/../../../../arm-none-eabi/lib/thumb/v8-m.main+fp/hard\libc_nano.a(libc_a-memset.o)
 .debug_frame   0x000051ec       0x2c C:/ST/STM32CubeIDE_1.17.0/STM32CubeIDE/plugins/com.st.stm32cube.ide.mcu.externaltools.gnu-tools-for-stm32.12.3.rel1.win32_1.1.0.202410251130/tools/bin/../lib/gcc/arm-none-eabi/12.3.1/../../../../arm-none-eabi/lib/thumb/v8-m.main+fp/hard\libc_nano.a(libc_a-init.o)
 .debug_frame   0x00005218       0x2c C:/ST/STM32CubeIDE_1.17.0/STM32CubeIDE/plugins/com.st.stm32cube.ide.mcu.externaltools.gnu-tools-for-stm32.12.3.rel1.win32_1.1.0.202410251130/tools/bin/../lib/gcc/arm-none-eabi/12.3.1/thumb/v8-m.main+fp/hard\libgcc.a(_aeabi_uldivmod.o)
 .debug_frame   0x00005244       0x38 C:/ST/STM32CubeIDE_1.17.0/STM32CubeIDE/plugins/com.st.stm32cube.ide.mcu.externaltools.gnu-tools-for-stm32.12.3.rel1.win32_1.1.0.202410251130/tools/bin/../lib/gcc/arm-none-eabi/12.3.1/thumb/v8-m.main+fp/hard\libgcc.a(_udivmoddi4.o)

.debug_line_str
                0x00000000       0x60
 .debug_line_str
                0x00000000       0x60 ./Core/Startup/startup_stm32h503cbtx.o
