Archive member included to satisfy reference by file (symbol)

C:/ST/STM32CubeIDE_1.17.0/STM32CubeIDE/plugins/com.st.stm32cube.ide.mcu.externaltools.gnu-tools-for-stm32.12.3.rel1.win32_1.1.0.202410251130/tools/bin/../lib/gcc/arm-none-eabi/12.3.1/../../../../arm-none-eabi/lib/thumb/v8-m.main+fp/hard\libc_nano.a(libc_a-exit.o)
                              C:/ST/STM32CubeIDE_1.17.0/STM32CubeIDE/plugins/com.st.stm32cube.ide.mcu.externaltools.gnu-tools-for-stm32.12.3.rel1.win32_1.1.0.202410251130/tools/bin/../lib/gcc/arm-none-eabi/12.3.1/../../../../arm-none-eabi/lib/thumb/v8-m.main+fp/hard/crt0.o (exit)
C:/ST/STM32CubeIDE_1.17.0/STM32CubeIDE/plugins/com.st.stm32cube.ide.mcu.externaltools.gnu-tools-for-stm32.12.3.rel1.win32_1.1.0.202410251130/tools/bin/../lib/gcc/arm-none-eabi/12.3.1/../../../../arm-none-eabi/lib/thumb/v8-m.main+fp/hard\libc_nano.a(libc_a-findfp.o)
                              C:/ST/STM32CubeIDE_1.17.0/STM32CubeIDE/plugins/com.st.stm32cube.ide.mcu.externaltools.gnu-tools-for-stm32.12.3.rel1.win32_1.1.0.202410251130/tools/bin/../lib/gcc/arm-none-eabi/12.3.1/../../../../arm-none-eabi/lib/thumb/v8-m.main+fp/hard\libc_nano.a(libc_a-exit.o) (__stdio_exit_handler)
C:/ST/STM32CubeIDE_1.17.0/STM32CubeIDE/plugins/com.st.stm32cube.ide.mcu.externaltools.gnu-tools-for-stm32.12.3.rel1.win32_1.1.0.202410251130/tools/bin/../lib/gcc/arm-none-eabi/12.3.1/../../../../arm-none-eabi/lib/thumb/v8-m.main+fp/hard\libc_nano.a(libc_a-fwalk.o)
                              C:/ST/STM32CubeIDE_1.17.0/STM32CubeIDE/plugins/com.st.stm32cube.ide.mcu.externaltools.gnu-tools-for-stm32.12.3.rel1.win32_1.1.0.202410251130/tools/bin/../lib/gcc/arm-none-eabi/12.3.1/../../../../arm-none-eabi/lib/thumb/v8-m.main+fp/hard\libc_nano.a(libc_a-findfp.o) (_fwalk_sglue)
C:/ST/STM32CubeIDE_1.17.0/STM32CubeIDE/plugins/com.st.stm32cube.ide.mcu.externaltools.gnu-tools-for-stm32.12.3.rel1.win32_1.1.0.202410251130/tools/bin/../lib/gcc/arm-none-eabi/12.3.1/../../../../arm-none-eabi/lib/thumb/v8-m.main+fp/hard\libc_nano.a(libc_a-stdio.o)
                              C:/ST/STM32CubeIDE_1.17.0/STM32CubeIDE/plugins/com.st.stm32cube.ide.mcu.externaltools.gnu-tools-for-stm32.12.3.rel1.win32_1.1.0.202410251130/tools/bin/../lib/gcc/arm-none-eabi/12.3.1/../../../../arm-none-eabi/lib/thumb/v8-m.main+fp/hard\libc_nano.a(libc_a-findfp.o) (__sread)
C:/ST/STM32CubeIDE_1.17.0/STM32CubeIDE/plugins/com.st.stm32cube.ide.mcu.externaltools.gnu-tools-for-stm32.12.3.rel1.win32_1.1.0.202410251130/tools/bin/../lib/gcc/arm-none-eabi/12.3.1/../../../../arm-none-eabi/lib/thumb/v8-m.main+fp/hard\libc_nano.a(libc_a-memset.o)
                              C:/ST/STM32CubeIDE_1.17.0/STM32CubeIDE/plugins/com.st.stm32cube.ide.mcu.externaltools.gnu-tools-for-stm32.12.3.rel1.win32_1.1.0.202410251130/tools/bin/../lib/gcc/arm-none-eabi/12.3.1/../../../../arm-none-eabi/lib/thumb/v8-m.main+fp/hard/crt0.o (memset)
C:/ST/STM32CubeIDE_1.17.0/STM32CubeIDE/plugins/com.st.stm32cube.ide.mcu.externaltools.gnu-tools-for-stm32.12.3.rel1.win32_1.1.0.202410251130/tools/bin/../lib/gcc/arm-none-eabi/12.3.1/../../../../arm-none-eabi/lib/thumb/v8-m.main+fp/hard\libc_nano.a(libc_a-closer.o)
                              C:/ST/STM32CubeIDE_1.17.0/STM32CubeIDE/plugins/com.st.stm32cube.ide.mcu.externaltools.gnu-tools-for-stm32.12.3.rel1.win32_1.1.0.202410251130/tools/bin/../lib/gcc/arm-none-eabi/12.3.1/../../../../arm-none-eabi/lib/thumb/v8-m.main+fp/hard\libc_nano.a(libc_a-stdio.o) (_close_r)
C:/ST/STM32CubeIDE_1.17.0/STM32CubeIDE/plugins/com.st.stm32cube.ide.mcu.externaltools.gnu-tools-for-stm32.12.3.rel1.win32_1.1.0.202410251130/tools/bin/../lib/gcc/arm-none-eabi/12.3.1/../../../../arm-none-eabi/lib/thumb/v8-m.main+fp/hard\libc_nano.a(libc_a-reent.o)
                              C:/ST/STM32CubeIDE_1.17.0/STM32CubeIDE/plugins/com.st.stm32cube.ide.mcu.externaltools.gnu-tools-for-stm32.12.3.rel1.win32_1.1.0.202410251130/tools/bin/../lib/gcc/arm-none-eabi/12.3.1/../../../../arm-none-eabi/lib/thumb/v8-m.main+fp/hard\libc_nano.a(libc_a-closer.o) (errno)
C:/ST/STM32CubeIDE_1.17.0/STM32CubeIDE/plugins/com.st.stm32cube.ide.mcu.externaltools.gnu-tools-for-stm32.12.3.rel1.win32_1.1.0.202410251130/tools/bin/../lib/gcc/arm-none-eabi/12.3.1/../../../../arm-none-eabi/lib/thumb/v8-m.main+fp/hard\libc_nano.a(libc_a-impure.o)
                              C:/ST/STM32CubeIDE_1.17.0/STM32CubeIDE/plugins/com.st.stm32cube.ide.mcu.externaltools.gnu-tools-for-stm32.12.3.rel1.win32_1.1.0.202410251130/tools/bin/../lib/gcc/arm-none-eabi/12.3.1/../../../../arm-none-eabi/lib/thumb/v8-m.main+fp/hard\libc_nano.a(libc_a-reent.o) (_impure_ptr)
C:/ST/STM32CubeIDE_1.17.0/STM32CubeIDE/plugins/com.st.stm32cube.ide.mcu.externaltools.gnu-tools-for-stm32.12.3.rel1.win32_1.1.0.202410251130/tools/bin/../lib/gcc/arm-none-eabi/12.3.1/../../../../arm-none-eabi/lib/thumb/v8-m.main+fp/hard\libc_nano.a(libc_a-lseekr.o)
[...]
Memory Configuration

Name             Origin             Length             Attributes
RAM              0x20000000         0x00008000         xrw
FLASH            0x08000000         0x00020000         xr
*default*        0x00000000         0xffffffff

Linker script and memory map

LOAD C:/ST/STM32CubeIDE_1.17.0/STM32CubeIDE/plugins/com.st.stm32cube.ide.mcu.externaltools.gnu-tools-for-stm32.12.3.rel1.win32_1.1.0.202410251130/tools/bin/../lib/gcc/arm-none-eabi/12.3.1/thumb/v8-m.main+fp/hard/crti.o
LOAD C:/ST/STM32CubeIDE_1.17.0/STM32CubeIDE/plugins/com.st.stm32cube.ide.mcu.externaltools.gnu-tools-for-stm32.12.3.rel1.win32_1.1.0.202410251130/tools/bin/../lib/gcc/arm-none-eabi/12.3.1/thumb/v8-m.main+fp/hard/crtbegin.o
LOAD C:/ST/STM32CubeIDE_1.17.0/STM32CubeIDE/plugins/com.st.stm32cube.ide.mcu.externaltools.gnu-tools-for-stm32.12.3.rel1.win32_1.1.0.202410251130/tools/bin/../lib/gcc/arm-none-eabi/12.3.1/../../../../arm-none-eabi/lib/thumb/v8-m.main+fp/hard/crt0.o
LOAD ./Core/Src/main.o
LOAD ./Core/Src/stm32h5xx_hal_msp.o
LOAD ./Core/Src/stm32h5xx_it.o
LOAD ./Core/Src/syscalls.o
LOAD ./Core/Src/sysmem.o
LOAD ./Core/Src/system_stm32h5xx.o
LOAD ./Core/Src/uart.o
LOAD ./Core/Src/work.o
LOAD ./Core/Startup/startup_stm32h503cbtx.o
LOAD ./Drivers/STM32H5xx_HAL_Driver/Src/stm32h5xx_hal.o
LOAD ./Drivers/STM32H5xx_HAL_Driver/Src/stm32h5xx_hal_cortex.o
LOAD ./Drivers/STM32H5xx_HAL_Driver/Src/stm32h5xx_hal_dma.o
LOAD ./Drivers/STM32H5xx_HAL_Driver/Src/stm32h5xx_hal_dma_ex.o
LOAD ./Drivers/STM32H5xx_HAL_Driver/Src/stm32h5xx_hal_exti.o
LOAD ./Drivers/STM32H5xx_HAL_Driver/Src/stm32h5xx_hal_flash.o
LOAD ./Drivers/STM32H5xx_HAL_Driver/Src/stm32h5xx_hal_flash_ex.o
LOAD ./Drivers/STM32H5xx_HAL_Driver/Src/stm32h5xx_hal_gpio.o
LOAD ./Drivers/STM32H5xx_HAL_Driver/Src/stm32h5xx_hal_icache.o
LOAD ./Drivers/STM32H5xx_HAL_Driver/Src/stm32h5xx_hal_pwr.o
LOAD ./Drivers/STM32H5xx_HAL_Driver/Src/stm32h5xx_hal_pwr_ex.o
LOAD ./Drivers/STM32H5xx_HAL_Driver/Src/stm32h5xx_hal_rcc.o
LOAD ./Drivers/STM32H5xx_HAL_Driver/Src/stm32h5xx_hal_rcc_ex.o
LOAD ./Drivers/STM32H5xx_HAL_Driver/Src/stm32h5xx_hal_tim.o
LOAD ./Drivers/STM32H5xx_HAL_Driver/Src/stm32h5xx_hal_tim_ex.o
LOAD ./Drivers/STM32H5xx_HAL_Driver/Src/stm32h5xx_hal_uart.o
LOAD ./Drivers/STM32H5xx_HAL_Driver/Src/stm32h5xx_hal_uart_ex.o
START GROUP
LOAD C:/ST/STM32CubeIDE_1.17.0/STM32CubeIDE/plugins/com.st.stm32cube.ide.mcu.externaltools.gnu-tools-for-stm32.12.3.rel1.win32_1.1.0.202410251130/tools/bin/../lib/gcc/arm-none-eabi/12.3.1/../../../../arm-none-eabi/lib/thumb/v8-m.main+fp/hard\libc_nano.a
LOAD C:/ST/STM32CubeIDE_1.17.0/STM32CubeIDE/plugins/com.st.stm32cube.ide.mcu.externaltools.gnu-tools-for-stm32.12.3.rel1.win32_1.1.0.202410251130/tools/bin/../lib/gcc/arm-none-eabi/12.3.1/../../../../arm-none-eabi/lib/thumb/v8-m.main+fp/hard\libm.a
END GROUP
START GROUP
LOAD C:/ST/STM32CubeIDE_1.17.0/STM32CubeIDE/plugins/com.st.stm32cube.ide.mcu.externaltools.gnu-tools-for-stm32.12.3.rel1.win32_1.1.0.202410251130/tools/bin/../lib/gcc/arm-none-eabi/12.3.1/thumb/v8-m.main+fp/hard\libgcc.a
LOAD C:/ST/STM32CubeIDE_1.17.0/STM32CubeIDE/plugins/com.st.stm32cube.ide.mcu.externaltools.gnu-tools-for-stm32.12.3.rel1.win32_1.1.0.202410251130/tools/bin/../lib/gcc/arm-none-eabi/12.3.1/../../../../arm-none-eabi/lib/thumb/v8-m.main+fp/hard\libc_nano.a
END GROUP
START GROUP
LOAD C:/ST/STM32CubeIDE_1.17.0/STM32CubeIDE/plugins/com.st.stm32cube.ide.mcu.externaltools.gnu-tools-for-stm32.12.3.rel1.win32_1.1.0.202410251130/tools/bin/../lib/gcc/arm-none-eabi/12.3.1/thumb/v8-m.main+fp/hard\libgcc.a
LOAD C:/ST/STM32CubeIDE_1.17.0/STM32CubeIDE/plugins/com.st.stm32cube.ide.mcu.externaltools.gnu-tools-for-stm32.12.3.rel1.win32_1.1.0.202410251130/tools/bin/../lib/gcc/arm-none-eabi/12.3.1/../../../../arm-none-eabi/lib/thumb/v8-m.main+fp/hard\libc_nano.a
LOAD C:/ST/STM32CubeIDE_1.17.0/STM32CubeIDE/plugins/com.st.stm32cube.ide.mcu.externaltools.gnu-tools-for-stm32.12.3.rel1.win32_1.1.0.202410251130/tools/bin/../lib/gcc/arm-none-eabi/12.3.1/../../../../arm-none-eabi/lib/thumb/v8-m.main+fp/hard\libnosys.a
END GROUP
START GROUP
LOAD C:/ST/STM32CubeIDE_1.17.0/STM32CubeIDE/plugins/com.st.stm32cube.ide.mcu.externaltools.gnu-tools-for-stm32.12.3.rel1.win32_1.1.0.202410251130/tools/bin/../lib/gcc/arm-none-eabi/12.3.1/thumb/v8-m.main+fp/hard\libgcc.a
LOAD C:/ST/STM32CubeIDE_1.17.0/STM32CubeIDE/plugins/com.st.stm32cube.ide.mcu.externaltools.gnu-tools-for-stm32.12.3.rel1.win32_1.1.0.202410251130/tools/bin/../lib/gcc/arm-none-eabi/12.3.1/../../../../arm-none-eabi/lib/thumb/v8-m.main+fp/hard\libc_nano.a
LOAD C:/ST/STM32CubeIDE_1.17.0/STM32CubeIDE/plugins/com.st.stm32cube.ide.mcu.externaltools.gnu-tools-for-stm32.12.3.rel1.win32_1.1.0.202410251130/tools/bin/../lib/gcc/arm-none-eabi/12.3.1/../../../../arm-none-eabi/lib/thumb/v8-m.main+fp/hard\libnosys.a
END GROUP
LOAD C:/ST/STM32CubeIDE_1.17.0/STM32CubeIDE/plugins/com.st.stm32cube.ide.mcu.externaltools.gnu-tools-for-stm32.12.3.rel1.win32_1.1.0.202410251130/tools/bin/../lib/gcc/arm-none-eabi/12.3.1/thumb/v8-m.main+fp/hard/crtend.o
LOAD C:/ST/STM32CubeIDE_1.17.0/STM32CubeIDE/plugins/com.st.stm32cube.ide.mcu.externaltools.gnu-tools-for-stm32.12.3.rel1.win32_1.1.0.202410251130/tools/bin/../lib/gcc/arm-none-eabi/12.3.1/thumb/v8-m.main+fp/hard/crtn.o
                0x20008000                        _estack = (ORIGIN (RAM) + LENGTH (RAM))
                0x00000200                        _Min_Heap_Size = 0x200
                0x00000400                        _Min_Stack_Size = 0x400

.isr_vector     0x08000000      0x258
                0x08000000                        . = ALIGN (0x4)
 *(.isr_vector)
 .isr_vector    0x08000000      0x258 ./Core/Startup/startup_stm32h503cbtx.o
                0x08000000                g_pfnVectors
                0x08000258                        . = ALIGN (0x4)

.text           0x08000258     0x81f8
                0x08000258                        . = ALIGN (0x4)
 *(.text)
 .text          0x08000258       0x40 C:/ST/STM32CubeIDE_1.17.0/STM32CubeIDE/plugins/com.st.stm32cube.ide.mcu.externaltools.gnu-tools-for-stm32.12.3.rel1.win32_1.1.0.202410251130/tools/bin/../lib/gcc/arm-none-eabi/12.3.1/thumb/v8-m.main+fp/hard/crtbegin.o
 .text          0x08000298       0x30 C:/ST/STM32CubeIDE_1.17.0/STM32CubeIDE/plugins/com.st.stm32cube.ide.mcu.externaltools.gnu-tools-for-stm32.12.3.rel1.win32_1.1.0.202410251130/tools/bin/../lib/gcc/arm-none-eabi/12.3.1/thumb/v8-m.main+fp/hard\libgcc.a(_aeabi_uldivmod.o)
                0x08000298                __aeabi_uldivmod
 .text          0x080002c8      0x2e4 C:/ST/STM32CubeIDE_1.17.0/STM32CubeIDE/plugins/com.st.stm32cube.ide.mcu.externaltools.gnu-tools-for-stm32.12.3.rel1.win32_1.1.0.202410251130/tools/bin/../lib/gcc/arm-none-eabi/12.3.1/thumb/v8-m.main+fp/hard\libgcc.a(_udivmoddi4.o)
                0x080002c8                __udivmoddi4
 .text          0x080005ac        0x4 C:/ST/STM32CubeIDE_1.17.0/STM32CubeIDE/plugins/com.st.stm32cube.ide.mcu.externaltools.gnu-tools-for-stm32.12.3.rel1.win32_1.1.0.202410251130/tools/bin/../lib/gcc/arm-none-eabi/12.3.1/thumb/v8-m.main+fp/hard\libgcc.a(_dvmd_tls.o)
                0x080005ac                __aeabi_idiv0
                0x080005ac                __aeabi_ldiv0
 *(.text*)
 .text.main     0x080005b0       0x2e ./Core/Src/main.o
                0x080005b0                main
 *fill*         0x080005de        0x2 
 .text.SystemClock_Config
                0x080005e0       0xe4 ./Core/Src/main.o
                0x080005e0                SystemClock_Config
 .text.MX_GPDMA1_Init
                0x080006c4       0x40 ./Core/Src/main.o
 .text.MX_GPDMA2_Init
                0x08000704       0xf8 ./Core/Src/main.o
 .text.MX_ICACHE_Init
                0x080007fc       0x26 ./Core/Src/main.o
 *fill*         0x08000822        0x2 
 .text.MX_TIM2_Init
                0x08000824       0x9c ./Core/Src/main.o
 .text.MX_USART1_UART_Init
                0x080008c0       0x98 ./Core/Src/main.o
 .text.MX_GPIO_Init
                0x08000958       0xf0 ./Core/Src/main.o
 .text.Error_Handler
                0x08000a48        0xc ./Core/Src/main.o
                0x08000a48                Error_Handler
 .text.HAL_MspInit
                0x08000a54        0xe ./Core/Src/stm32h5xx_hal_msp.o
                0x08000a54                HAL_MspInit
 *fill*         0x08000a62        0x2 
 .text.HAL_TIM_Base_MspInit
                0x08000a64       0xd0 ./Core/Src/stm32h5xx_hal_msp.o
                0x08000a64                HAL_TIM_Base_MspInit
 .text.HAL_UART_MspInit
                0x08000b34       0xe0 ./Core/Src/stm32h5xx_hal_msp.o
                0x08000b34                HAL_UART_MspInit
 .text.NMI_Handler
                0x08000c14        0x8 ./Core/Src/stm32h5xx_it.o
                0x08000c14                NMI_Handler
 .text.HardFault_Handler
                0x08000c1c        0x8 ./Core/Src/stm32h5xx_it.o
                0x08000c1c                HardFault_Handler
 .text.MemManage_Handler
                0x08000c24        0x8 ./Core/Src/stm32h5xx_it.o
                0x08000c24                MemManage_Handler
 .text.BusFault_Handler
                0x08000c2c        0x8 ./Core/Src/stm32h5xx_it.o
                0x08000c2c                BusFault_Handler
 .text.UsageFault_Handler
                0x08000c34        0x8 ./Core/Src/stm32h5xx_it.o
                0x08000c34                UsageFault_Handler
 .text.SVC_Handler
                0x08000c3c        0xe ./Core/Src/stm32h5xx_it.o
                0x08000c3c                SVC_Handler
 .text.DebugMon_Handler
                0x08000c4a        0xe ./Core/Src/stm32h5xx_it.o
                0x08000c4a                DebugMon_Handler
 .text.PendSV_Handler
                0x08000c58        0xe ./Core/Src/stm32h5xx_it.o
                0x08000c58                PendSV_Handler
 .text.SysTick_Handler
                0x08000c66        0xc ./Core/Src/stm32h5xx_it.o
                0x08000c66                SysTick_Handler
 *fill*         0x08000c72        0x2 
 .text.GPDMA1_Channel0_IRQHandler
                0x08000c74       0x14 ./Core/Src/stm32h5xx_it.o
                0x08000c74                GPDMA1_Channel0_IRQHandler
 .text.USART1_IRQHandler
                0x08000c88       0x14 ./Core/Src/stm32h5xx_it.o
                0x08000c88                USART1_IRQHandler
 .text.GPDMA2_Channel0_IRQHandler
                0x08000c9c       0x14 ./Core/Src/stm32h5xx_it.o
                0x08000c9c                GPDMA2_Channel0_IRQHandler
 .text.SystemInit
                0x08000cb0       0xe4 ./Core/Src/system_stm32h5xx.o
                0x08000cb0                SystemInit
 .text.init_uart
                0x08000d94       0x1c ./Core/Src/uart.o
                0x08000d94                init_uart
 .text.sendOk   0x08000db0       0x28 ./Core/Src/uart.o
                0x08000db0                sendOk
 .text.parsingData
                0x08000dd8      0x12c ./Core/Src/uart.o
                0x08000dd8                parsingData
 .text.check_timeout
                0x08000f04       0xa0 ./Core/Src/uart.o
                0x08000f04                check_timeout
 .text.HAL_UART_RxCpltCallback
                0x08000fa4       0x2c ./Core/Src/uart.o
                0x08000fa4                HAL_UART_RxCpltCallback
 .text.doWork   0x08000fd0       0x20 ./Core/Src/work.o
                0x08000fd0                doWork
 .text.work     0x08000ff0       0x38 ./Core/Src/work.o
                0x08000ff0                work
 .text.blinkLed
                0x08001028       0x38 ./Core/Src/work.o
                0x08001028                blinkLed
 .text.MyDMACpltCallback
                0x08001060       0x2c ./Core/Src/work.o
                0x08001060                MyDMACpltCallback
 .text.startprogramm
                0x0800108c       0x80 ./Core/Src/work.o
                0x0800108c                startprogramm
 .text.Reset_Handler
                0x0800110c       0x50 ./Core/Startup/startup_stm32h503cbtx.o
                0x0800110c                Reset_Handler
 .text.Default_Handler
                0x0800115c        0x2 ./Core/Startup/startup_stm32h503cbtx.o
                0x0800115c                EXTI2_IRQHandler
                0x0800115c                EXTI5_IRQHandler
                0x0800115c                I3C1_ER_IRQHandler
                0x0800115c                GPDMA2_Channel1_IRQHandler
                0x0800115c                EXTI13_IRQHandler
                0x0800115c                TIM1_CC_IRQHandler
                0x0800115c                GPDMA2_Channel3_IRQHandler
                0x0800115c                TAMP_IRQHandler
                0x0800115c                TIM6_IRQHandler
                0x0800115c                EXTI12_IRQHandler
                0x0800115c                USB_DRD_FS_IRQHandler
                0x0800115c                EXTI3_IRQHandler
                0x0800115c                GPDMA1_Channel5_IRQHandler
                0x0800115c                EXTI8_IRQHandler
                0x0800115c                GPDMA2_Channel5_IRQHandler
                0x0800115c                LPTIM2_IRQHandler
                0x0800115c                GPDMA2_Channel2_IRQHandler
                0x0800115c                EXTI0_IRQHandler
                0x0800115c                I2C2_EV_IRQHandler
                0x0800115c                FPU_IRQHandler
                0x0800115c                GPDMA1_Channel3_IRQHandler
                0x0800115c                GPDMA1_Channel7_IRQHandler
                0x0800115c                FDCAN1_IT1_IRQHandler
                0x0800115c                RAMCFG_IRQHandler
                0x0800115c                SPI1_IRQHandler
                0x0800115c                GPDMA1_Channel2_IRQHandler
                0x0800115c                ADC1_IRQHandler
                0x0800115c                I3C2_ER_IRQHandler
                0x0800115c                EXTI15_IRQHandler
                0x0800115c                USART3_IRQHandler
                0x0800115c                RTC_IRQHandler
                0x0800115c                EXTI9_IRQHandler
                0x0800115c                I3C2_EV_IRQHandler
                0x0800115c                I2C1_EV_IRQHandler
                0x0800115c                GPDMA1_Channel1_IRQHandler
                0x0800115c                TIM3_IRQHandler
                0x0800115c                RCC_IRQHandler
                0x0800115c                TIM1_TRG_COM_IRQHandler
                0x0800115c                Default_Handler
                0x0800115c                GPDMA2_Channel4_IRQHandler
                0x0800115c                TIM7_IRQHandler
                0x0800115c                I3C1_EV_IRQHandler
                0x0800115c                PVD_AVD_IRQHandler
                0x0800115c                SPI2_IRQHandler
                0x0800115c                EXTI14_IRQHandler
                0x0800115c                EXTI11_IRQHandler
                0x0800115c                CRS_IRQHandler
                0x0800115c                EXTI4_IRQHandler
                0x0800115c                RNG_IRQHandler
                0x0800115c                GPDMA2_Channel6_IRQHandler
                0x0800115c                TIM1_UP_IRQHandler
                0x0800115c                WWDG_IRQHandler
                0x0800115c                IWDG_IRQHandler
                0x0800115c                LPUART1_IRQHandler
                0x0800115c                FDCAN1_IT0_IRQHandler
                0x0800115c                TIM2_IRQHandler
                0x0800115c                GPDMA1_Channel4_IRQHandler
                0x0800115c                EXTI7_IRQHandler
                0x0800115c                TIM1_BRK_IRQHandler
                0x0800115c                EXTI1_IRQHandler
                0x0800115c                DAC1_IRQHandler
                0x0800115c                DTS_IRQHandler
                0x0800115c                GTZC_IRQHandler
                0x0800115c                USART2_IRQHandler
                0x0800115c                GPDMA1_Channel6_IRQHandler
                0x0800115c                GPDMA2_Channel7_IRQHandler
                0x0800115c                I2C2_ER_IRQHandler
                0x0800115c                FLASH_IRQHandler
                0x0800115c                EXTI10_IRQHandler
                0x0800115c                SPI3_IRQHandler
                0x0800115c                I2C1_ER_IRQHandler
                0x0800115c                EXTI6_IRQHandler
                0x0800115c                COMP1_IRQHandler
                0x0800115c                LPTIM1_IRQHandler
                0x0800115c                ICACHE_IRQHandler
                0x0800115c                HASH_IRQHandler
 *fill*         0x0800115e        0x2 
 .text.HAL_Init
                0x08001160       0x50 ./Drivers/STM32H5xx_HAL_Driver/Src/stm32h5xx_hal.o
                0x08001160                HAL_Init
 .text.HAL_InitTick
                0x080011b0       0xec ./Drivers/STM32H5xx_HAL_Driver/Src/stm32h5xx_hal.o
                0x080011b0                HAL_InitTick
 .text.HAL_IncTick
                0x0800129c       0x28 ./Drivers/STM32H5xx_HAL_Driver/Src/stm32h5xx_hal.o
                0x0800129c                HAL_IncTick
 .text.HAL_GetTick
                0x080012c4       0x18 ./Drivers/STM32H5xx_HAL_Driver/Src/stm32h5xx_hal.o
                0x080012c4                HAL_GetTick
 .text.HAL_Delay
                0x080012dc       0x48 ./Drivers/STM32H5xx_HAL_Driver/Src/stm32h5xx_hal.o
                0x080012dc                HAL_Delay
 .text.HAL_SuspendTick
                0x08001324       0x20 ./Drivers/STM32H5xx_HAL_Driver/Src/stm32h5xx_hal.o
                0x08001324                HAL_SuspendTick
 .text.HAL_ResumeTick
                0x08001344       0x20 ./Drivers/STM32H5xx_HAL_Driver/Src/stm32h5xx_hal.o
                0x08001344                HAL_ResumeTick
 .text.__NVIC_SetPriorityGrouping
                0x08001364       0x48 ./Drivers/STM32H5xx_HAL_Driver/Src/stm32h5xx_hal_cortex.o
 .text.__NVIC_GetPriorityGrouping
                0x080013ac       0x1c ./Drivers/STM32H5xx_HAL_Driver/Src/stm32h5xx_hal_cortex.o
 .text.__NVIC_EnableIRQ
                0x080013c8       0x3c ./Drivers/STM32H5xx_HAL_Driver/Src/stm32h5xx_hal_cortex.o
 .text.__NVIC_SetPriority
                0x08001404       0x54 ./Drivers/STM32H5xx_HAL_Driver/Src/stm32h5xx_hal_cortex.o
 .text.NVIC_EncodePriority
                0x08001458       0x66 ./Drivers/STM32H5xx_HAL_Driver/Src/stm32h5xx_hal_cortex.o
 .text.HAL_NVIC_SetPriorityGrouping
                0x080014be       0x16 ./Drivers/STM32H5xx_HAL_Driver/Src/stm32h5xx_hal_cortex.o
                0x080014be                HAL_NVIC_SetPriorityGrouping
 .text.HAL_NVIC_SetPriority
                0x080014d4       0x34 ./Drivers/STM32H5xx_HAL_Driver/Src/stm32h5xx_hal_cortex.o
                0x080014d4                HAL_NVIC_SetPriority
 .text.HAL_NVIC_EnableIRQ
                0x08001508       0x1c ./Drivers/STM32H5xx_HAL_Driver/Src/stm32h5xx_hal_cortex.o
                0x08001508                HAL_NVIC_EnableIRQ
 .text.HAL_SYSTICK_Config
                0x08001524       0x44 ./Drivers/STM32H5xx_HAL_Driver/Src/stm32h5xx_hal_cortex.o
                0x08001524                HAL_SYSTICK_Config
 .text.HAL_SYSTICK_CLKSourceConfig
                0x08001568       0xb0 ./Drivers/STM32H5xx_HAL_Driver/Src/stm32h5xx_hal_cortex.o
                0x08001568                HAL_SYSTICK_CLKSourceConfig
 .text.HAL_SYSTICK_GetCLKSourceConfig
                0x08001618       0x6c ./Drivers/STM32H5xx_HAL_Driver/Src/stm32h5xx_hal_cortex.o
                0x08001618                HAL_SYSTICK_GetCLKSourceConfig
 .text.HAL_DMA_Init
                0x08001684      0x16c ./Drivers/STM32H5xx_HAL_Driver/Src/stm32h5xx_hal_dma.o
                0x08001684                HAL_DMA_Init
 .text.HAL_DMA_Start_IT
                0x080017f0       0xc0 ./Drivers/STM32H5xx_HAL_Driver/Src/stm32h5xx_hal_dma.o
                0x080017f0                HAL_DMA_Start_IT
 .text.HAL_DMA_Abort
                0x080018b0       0xf8 ./Drivers/STM32H5xx_HAL_Driver/Src/stm32h5xx_hal_dma.o
                0x080018b0                HAL_DMA_Abort
 .text.HAL_DMA_Abort_IT
                0x080019a8       0x52 ./Drivers/STM32H5xx_HAL_Driver/Src/stm32h5xx_hal_dma.o
                0x080019a8                HAL_DMA_Abort_IT
 .text.HAL_DMA_IRQHandler
                0x080019fa      0x2c2 ./Drivers/STM32H5xx_HAL_Driver/Src/stm32h5xx_hal_dma.o
                0x080019fa                HAL_DMA_IRQHandler
 .text.HAL_DMA_RegisterCallback
                0x08001cbc       0x88 ./Drivers/STM32H5xx_HAL_Driver/Src/stm32h5xx_hal_dma.o
                0x08001cbc                HAL_DMA_RegisterCallback
 .text.HAL_DMA_ConfigChannelAttributes
                0x08001d44       0x78 ./Drivers/STM32H5xx_HAL_Driver/Src/stm32h5xx_hal_dma.o
                0x08001d44                HAL_DMA_ConfigChannelAttributes
 .text.DMA_SetConfig
                0x08001dbc       0x4a ./Drivers/STM32H5xx_HAL_Driver/Src/stm32h5xx_hal_dma.o
 *fill*         0x08001e06        0x2 
 .text.DMA_Init
                0x08001e08      0x2b8 ./Drivers/STM32H5xx_HAL_Driver/Src/stm32h5xx_hal_dma.o
 .text.HAL_DMAEx_List_Start_IT
                0x080020c0      0x128 ./Drivers/STM32H5xx_HAL_Driver/Src/stm32h5xx_hal_dma_ex.o
                0x080020c0                HAL_DMAEx_List_Start_IT
 .text.HAL_DMAEx_ConfigTrigger
                0x080021e8       0x6e ./Drivers/STM32H5xx_HAL_Driver/Src/stm32h5xx_hal_dma_ex.o
                0x080021e8                HAL_DMAEx_ConfigTrigger
 *fill*         0x08002256        0x2 
 .text.DMA_List_GetCLLRNodeInfo
                0x08002258       0x60 ./Drivers/STM32H5xx_HAL_Driver/Src/stm32h5xx_hal_dma_ex.o
 .text.HAL_GPIO_Init
                0x080022b8      0x2a4 ./Drivers/STM32H5xx_HAL_Driver/Src/stm32h5xx_hal_gpio.o
                0x080022b8                HAL_GPIO_Init
 .text.HAL_GPIO_WritePin
                0x0800255c       0x30 ./Drivers/STM32H5xx_HAL_Driver/Src/stm32h5xx_hal_gpio.o
                0x0800255c                HAL_GPIO_WritePin
 .text.HAL_GPIO_TogglePin
                0x0800258c       0x34 ./Drivers/STM32H5xx_HAL_Driver/Src/stm32h5xx_hal_gpio.o
                0x0800258c                HAL_GPIO_TogglePin
 .text.HAL_ICACHE_ConfigAssociativityMode
                0x080025c0       0x40 ./Drivers/STM32H5xx_HAL_Driver/Src/stm32h5xx_hal_icache.o
                0x080025c0                HAL_ICACHE_ConfigAssociativityMode
 .text.HAL_ICACHE_Enable
                0x08002600       0x20 ./Drivers/STM32H5xx_HAL_Driver/Src/stm32h5xx_hal_icache.o
                0x08002600                HAL_ICACHE_Enable
 .text.HAL_PWR_EnterSLEEPMode
                0x08002620       0x38 ./Drivers/STM32H5xx_HAL_Driver/Src/stm32h5xx_hal_pwr.o
                0x08002620                HAL_PWR_EnterSLEEPMode
 .text.HAL_RCC_OscConfig
                0x08002658      0x870 ./Drivers/STM32H5xx_HAL_Driver/Src/stm32h5xx_hal_rcc.o
                0x08002658                HAL_RCC_OscConfig
 .text.HAL_RCC_ClockConfig
                0x08002ec8      0x370 ./Drivers/STM32H5xx_HAL_Driver/Src/stm32h5xx_hal_rcc.o
                0x08002ec8                HAL_RCC_ClockConfig
 .text.HAL_RCC_GetSysClockFreq
                0x08003238      0x258 ./Drivers/STM32H5xx_HAL_Driver/Src/stm32h5xx_hal_rcc.o
                0x08003238                HAL_RCC_GetSysClockFreq
 .text.HAL_RCC_GetHCLKFreq
                0x08003490       0x38 ./Drivers/STM32H5xx_HAL_Driver/Src/stm32h5xx_hal_rcc.o
                0x08003490                HAL_RCC_GetHCLKFreq
 .text.HAL_RCC_GetPCLK1Freq
                0x080034c8       0x2c ./Drivers/STM32H5xx_HAL_Driver/Src/stm32h5xx_hal_rcc.o
                0x080034c8                HAL_RCC_GetPCLK1Freq
 .text.HAL_RCC_GetPCLK2Freq
                0x080034f4       0x2c ./Drivers/STM32H5xx_HAL_Driver/Src/stm32h5xx_hal_rcc.o
                0x080034f4                HAL_RCC_GetPCLK2Freq
 .text.HAL_RCC_GetPCLK3Freq
                0x08003520       0x2c ./Drivers/STM32H5xx_HAL_Driver/Src/stm32h5xx_hal_rcc.o
                0x08003520                HAL_RCC_GetPCLK3Freq
 .text.HAL_RCCEx_PeriphCLKConfig
                0x0800354c      0xc48 ./Drivers/STM32H5xx_HAL_Driver/Src/stm32h5xx_hal_rcc_ex.o
                0x0800354c                HAL_RCCEx_PeriphCLKConfig
 .text.HAL_RCCEx_GetPLL1ClockFreq
                0x08004194      0x2d8 ./Drivers/STM32H5xx_HAL_Driver/Src/stm32h5xx_hal_rcc_ex.o
                0x08004194                HAL_RCCEx_GetPLL1ClockFreq
 .text.HAL_RCCEx_GetPLL2ClockFreq
                0x0800446c      0x2d8 ./Drivers/STM32H5xx_HAL_Driver/Src/stm32h5xx_hal_rcc_ex.o
                0x0800446c                HAL_RCCEx_GetPLL2ClockFreq
 .text.HAL_RCCEx_GetPeriphCLKFreq
                0x08004744      0xe7c ./Drivers/STM32H5xx_HAL_Driver/Src/stm32h5xx_hal_rcc_ex.o
                0x08004744                HAL_RCCEx_GetPeriphCLKFreq
 .text.RCCEx_PLL2_Config
                0x080055c0      0x130 ./Drivers/STM32H5xx_HAL_Driver/Src/stm32h5xx_hal_rcc_ex.o
 .text.HAL_TIM_Base_Init
                0x080056f0       0xae ./Drivers/STM32H5xx_HAL_Driver/Src/stm32h5xx_hal_tim.o
                0x080056f0                HAL_TIM_Base_Init
 *fill*         0x0800579e        0x2 
 .text.HAL_TIM_Base_Start_DMA
                0x080057a0      0x110 ./Drivers/STM32H5xx_HAL_Driver/Src/stm32h5xx_hal_tim.o
                0x080057a0                HAL_TIM_Base_Start_DMA
 .text.HAL_TIM_Base_Stop_DMA
                0x080058b0       0x64 ./Drivers/STM32H5xx_HAL_Driver/Src/stm32h5xx_hal_tim.o
                0x080058b0                HAL_TIM_Base_Stop_DMA
 .text.HAL_TIM_ConfigClockSource
                0x08005914      0x23c ./Drivers/STM32H5xx_HAL_Driver/Src/stm32h5xx_hal_tim.o
                0x08005914                HAL_TIM_ConfigClockSource
 .text.TIM_DMA_Start_IT
                0x08005b50       0x76 ./Drivers/STM32H5xx_HAL_Driver/Src/stm32h5xx_hal_tim.o
                0x08005b50                TIM_DMA_Start_IT
 .text.HAL_TIM_PeriodElapsedCallback
                0x08005bc6       0x14 ./Drivers/STM32H5xx_HAL_Driver/Src/stm32h5xx_hal_tim.o
                0x08005bc6                HAL_TIM_PeriodElapsedCallback
 .text.HAL_TIM_PeriodElapsedHalfCpltCallback
                0x08005bda       0x14 ./Drivers/STM32H5xx_HAL_Driver/Src/stm32h5xx_hal_tim.o
                0x08005bda                HAL_TIM_PeriodElapsedHalfCpltCallback
 .text.HAL_TIM_ErrorCallback
                0x08005bee       0x14 ./Drivers/STM32H5xx_HAL_Driver/Src/stm32h5xx_hal_tim.o
                0x08005bee                HAL_TIM_ErrorCallback
 .text.TIM_DMAError
                0x08005c02       0x92 ./Drivers/STM32H5xx_HAL_Driver/Src/stm32h5xx_hal_tim.o
                0x08005c02                TIM_DMAError
 .text.TIM_DMAPeriodElapsedCplt
                0x08005c94       0x1c ./Drivers/STM32H5xx_HAL_Driver/Src/stm32h5xx_hal_tim.o
 .text.TIM_DMAPeriodElapsedHalfCplt
                0x08005cb0       0x1c ./Drivers/STM32H5xx_HAL_Driver/Src/stm32h5xx_hal_tim.o
 .text.TIM_Base_SetConfig
                0x08005ccc       0xcc ./Drivers/STM32H5xx_HAL_Driver/Src/stm32h5xx_hal_tim.o
                0x08005ccc                TIM_Base_SetConfig
 .text.TIM_TI1_ConfigInputStage
                0x08005d98       0x5e ./Drivers/STM32H5xx_HAL_Driver/Src/stm32h5xx_hal_tim.o
 .text.TIM_TI2_ConfigInputStage
                0x08005df6       0x60 ./Drivers/STM32H5xx_HAL_Driver/Src/stm32h5xx_hal_tim.o
 .text.TIM_ITRx_SetConfig
                0x08005e56       0x3a ./Drivers/STM32H5xx_HAL_Driver/Src/stm32h5xx_hal_tim.o
 .text.TIM_ETR_SetConfig
                0x08005e90       0x40 ./Drivers/STM32H5xx_HAL_Driver/Src/stm32h5xx_hal_tim.o
                0x08005e90                TIM_ETR_SetConfig
 .text.HAL_TIMEx_MasterConfigSynchronization
                0x08005ed0       0xd0 ./Drivers/STM32H5xx_HAL_Driver/Src/stm32h5xx_hal_tim_ex.o
                0x08005ed0                HAL_TIMEx_MasterConfigSynchronization
 .text.HAL_UART_Init
                0x08005fa0       0xa0 ./Drivers/STM32H5xx_HAL_Driver/Src/stm32h5xx_hal_uart.o
                0x08005fa0                HAL_UART_Init
 .text.HAL_UART_Transmit_IT
                0x08006040      0x148 ./Drivers/STM32H5xx_HAL_Driver/Src/stm32h5xx_hal_uart.o
                0x08006040                HAL_UART_Transmit_IT
 .text.HAL_UART_Receive_IT
                0x08006188       0xb4 ./Drivers/STM32H5xx_HAL_Driver/Src/stm32h5xx_hal_uart.o
                0x08006188                HAL_UART_Receive_IT
 .text.HAL_UART_AbortReceive_IT
                0x0800623c      0x168 ./Drivers/STM32H5xx_HAL_Driver/Src/stm32h5xx_hal_uart.o
                0x0800623c                HAL_UART_AbortReceive_IT
 .text.HAL_UART_IRQHandler
                0x080063a4      0x5dc ./Drivers/STM32H5xx_HAL_Driver/Src/stm32h5xx_hal_uart.o
                0x080063a4                HAL_UART_IRQHandler
 .text.HAL_UART_TxCpltCallback
                0x08006980       0x14 ./Drivers/STM32H5xx_HAL_Driver/Src/stm32h5xx_hal_uart.o
                0x08006980                HAL_UART_TxCpltCallback
 .text.HAL_UART_ErrorCallback
                0x08006994       0x14 ./Drivers/STM32H5xx_HAL_Driver/Src/stm32h5xx_hal_uart.o
                0x08006994                HAL_UART_ErrorCallback
 .text.HAL_UART_AbortReceiveCpltCallback
                0x080069a8       0x14 ./Drivers/STM32H5xx_HAL_Driver/Src/stm32h5xx_hal_uart.o
                0x080069a8                HAL_UART_AbortReceiveCpltCallback
 .text.HAL_UARTEx_RxEventCallback
                0x080069bc       0x18 ./Drivers/STM32H5xx_HAL_Driver/Src/stm32h5xx_hal_uart.o
                0x080069bc                HAL_UARTEx_RxEventCallback
 .text.UART_SetConfig
                0x080069d4      0x2fc ./Drivers/STM32H5xx_HAL_Driver/Src/stm32h5xx_hal_uart.o
                0x080069d4                UART_SetConfig
 .text.UART_AdvFeatureConfig
                0x08006cd0      0x144 ./Drivers/STM32H5xx_HAL_Driver/Src/stm32h5xx_hal_uart.o
                0x08006cd0                UART_AdvFeatureConfig
 .text.UART_CheckIdleState
                0x08006e14      0x154 ./Drivers/STM32H5xx_HAL_Driver/Src/stm32h5xx_hal_uart.o
                0x08006e14                UART_CheckIdleState
 .text.UART_WaitOnFlagUntilTimeout
                0x08006f68       0xda ./Drivers/STM32H5xx_HAL_Driver/Src/stm32h5xx_hal_uart.o
                0x08006f68                UART_WaitOnFlagUntilTimeout
 *fill*         0x08007042        0x2 
 .text.UART_Start_Receive_IT
                0x08007044      0x244 ./Drivers/STM32H5xx_HAL_Driver/Src/stm32h5xx_hal_uart.o
                0x08007044                UART_Start_Receive_IT
 .text.UART_EndRxTransfer
                0x08007288       0xcc ./Drivers/STM32H5xx_HAL_Driver/Src/stm32h5xx_hal_uart.o
 .text.UART_DMAAbortOnError
                0x08007354       0x24 ./Drivers/STM32H5xx_HAL_Driver/Src/stm32h5xx_hal_uart.o
 .text.UART_DMARxOnlyAbortCallback
                0x08007378       0x4a ./Drivers/STM32H5xx_HAL_Driver/Src/stm32h5xx_hal_uart.o
 .text.UART_TxISR_8BIT
                0x080073c2       0xb8 ./Drivers/STM32H5xx_HAL_Driver/Src/stm32h5xx_hal_uart.o
 .text.UART_TxISR_16BIT
                0x0800747a       0xc2 ./Drivers/STM32H5xx_HAL_Driver/Src/stm32h5xx_hal_uart.o
 .text.UART_TxISR_8BIT_FIFOEN
                0x0800753c       0xe0 ./Drivers/STM32H5xx_HAL_Driver/Src/stm32h5xx_hal_uart.o
 .text.UART_TxISR_16BIT_FIFOEN
                0x0800761c       0xea ./Drivers/STM32H5xx_HAL_Driver/Src/stm32h5xx_hal_uart.o
 .text.UART_EndTransmit_IT
                0x08007706       0x56 ./Drivers/STM32H5xx_HAL_Driver/Src/stm32h5xx_hal_uart.o
 .text.UART_RxISR_8BIT
                0x0800775c      0x1b8 ./Drivers/STM32H5xx_HAL_Driver/Src/stm32h5xx_hal_uart.o
 .text.UART_RxISR_16BIT
                0x08007914      0x1b8 ./Drivers/STM32H5xx_HAL_Driver/Src/stm32h5xx_hal_uart.o
 .text.UART_RxISR_8BIT_FIFOEN
                0x08007acc      0x364 ./Drivers/STM32H5xx_HAL_Driver/Src/stm32h5xx_hal_uart.o
 .text.UART_RxISR_16BIT_FIFOEN
                0x08007e30      0x36c ./Drivers/STM32H5xx_HAL_Driver/Src/stm32h5xx_hal_uart.o
 .text.HAL_UARTEx_WakeupCallback
                0x0800819c       0x14 ./Drivers/STM32H5xx_HAL_Driver/Src/stm32h5xx_hal_uart_ex.o
                0x0800819c                HAL_UARTEx_WakeupCallback
 .text.HAL_UARTEx_RxFifoFullCallback
                0x080081b0       0x14 ./Drivers/STM32H5xx_HAL_Driver/Src/stm32h5xx_hal_uart_ex.o
                0x080081b0                HAL_UARTEx_RxFifoFullCallback
 .text.HAL_UARTEx_TxFifoEmptyCallback
                0x080081c4       0x14 ./Drivers/STM32H5xx_HAL_Driver/Src/stm32h5xx_hal_uart_ex.o
                0x080081c4                HAL_UARTEx_TxFifoEmptyCallback
 .text.HAL_UARTEx_DisableFifoMode
                0x080081d8       0x72 ./Drivers/STM32H5xx_HAL_Driver/Src/stm32h5xx_hal_uart_ex.o
                0x080081d8                HAL_UARTEx_DisableFifoMode
 .text.HAL_UARTEx_SetTxFifoThreshold
                0x0800824a       0x7c ./Drivers/STM32H5xx_HAL_Driver/Src/stm32h5xx_hal_uart_ex.o
                0x0800824a                HAL_UARTEx_SetTxFifoThreshold
 .text.HAL_UARTEx_SetRxFifoThreshold
                0x080082c6       0x7c ./Drivers/STM32H5xx_HAL_Driver/Src/stm32h5xx_hal_uart_ex.o
                0x080082c6                HAL_UARTEx_SetRxFifoThreshold
 *fill*         0x08008342        0x2 
 .text.UARTEx_SetNbDataToProcess
                0x08008344       0x9c ./Drivers/STM32H5xx_HAL_Driver/Src/stm32h5xx_hal_uart_ex.o
 .text.memset   0x080083e0       0x10 C:/ST/STM32CubeIDE_1.17.0/STM32CubeIDE/plugins/com.st.stm32cube.ide.mcu.externaltools.gnu-tools-for-stm32.12.3.rel1.win32_1.1.0.202410251130/tools/bin/../lib/gcc/arm-none-eabi/12.3.1/../../../../arm-none-eabi/lib/thumb/v8-m.main+fp/hard\libc_nano.a(libc_a-memset.o)
                0x080083e0                memset
 .text.__libc_init_array
                0x080083f0       0x48 C:/ST/STM32CubeIDE_1.17.0/STM32CubeIDE/plugins/com.st.stm32cube.ide.mcu.externaltools.gnu-tools-for-stm32.12.3.rel1.win32_1.1.0.202410251130/tools/bin/../lib/gcc/arm-none-eabi/12.3.1/../../../../arm-none-eabi/lib/thumb/v8-m.main+fp/hard\libc_nano.a(libc_a-init.o)
                0x080083f0                __libc_init_array
 *(.glue_7)
 .glue_7        0x08008438        0x0 linker stubs
 *(.glue_7t)
 .glue_7t       0x08008438        0x0 linker stubs
 *(.eh_frame)
 .eh_frame      0x08008438        0x0 C:/ST/STM32CubeIDE_1.17.0/STM32CubeIDE/plugins/com.st.stm32cube.ide.mcu.externaltools.gnu-tools-for-stm32.12.3.rel1.win32_1.1.0.202410251130/tools/bin/../lib/gcc/arm-none-eabi/12.3.1/thumb/v8-m.main+fp/hard/crtbegin.o
 *(.init)
 .init          0x08008438        0x4 C:/ST/STM32CubeIDE_1.17.0/STM32CubeIDE/plugins/com.st.stm32cube.ide.mcu.externaltools.gnu-tools-for-stm32.12.3.rel1.win32_1.1.0.202410251130/tools/bin/../lib/gcc/arm-none-eabi/12.3.1/thumb/v8-m.main+fp/hard/crti.o
                0x08008438                _init
 .init          0x0800843c        0x8 C:/ST/STM32CubeIDE_1.17.0/STM32CubeIDE/plugins/com.st.stm32cube.ide.mcu.externaltools.gnu-tools-for-stm32.12.3.rel1.win32_1.1.0.202410251130/tools/bin/../lib/gcc/arm-none-eabi/12.3.1/thumb/v8-m.main+fp/hard/crtn.o
 *(.fini)
 .fini          0x08008444        0x4 C:/ST/STM32CubeIDE_1.17.0/STM32CubeIDE/plugins/com.st.stm32cube.ide.mcu.externaltools.gnu-tools-for-stm32.12.3.rel1.win32_1.1.0.202410251130/tools/bin/../lib/gcc/arm-none-eabi/12.3.1/thumb/v8-m.main+fp/hard/crti.o
                0x08008444                _fini
 .fini          0x08008448        0x8 C:/ST/STM32CubeIDE_1.17.0/STM32CubeIDE/plugins/com.st.stm32cube.ide.mcu.externaltools.gnu-tools-for-stm32.12.3.rel1.win32_1.1.0.202410251130/tools/bin/../lib/gcc/arm-none-eabi/12.3.1/thumb/v8-m.main+fp/hard/crtn.o
                0x08008450                        . = ALIGN (0x4)
                0x08008450                        _etext = .

.vfp11_veneer   0x08008450        0x0
 .vfp11_veneer  0x08008450        0x0 linker stubs

.v4_bx          0x08008450        0x0
 .v4_bx         0x08008450        0x0 linker stubs

.iplt           0x08008450        0x0
 .iplt          0x08008450        0x0 C:/ST/STM32CubeIDE_1.17.0/STM32CubeIDE/plugins/com.st.stm32cube.ide.mcu.externaltools.gnu-tools-for-stm32.12.3.rel1.win32_1.1.0.202410251130/tools/bin/../lib/gcc/arm-none-eabi/12.3.1/thumb/v8-m.main+fp/hard/crtbegin.o

.rodata         0x08008450       0x40
                0x08008450                        . = ALIGN (0x4)
 *(.rodata)
 *(.rodata*)
 .rodata.AHBPrescTable
                0x08008450       0x10 ./Core/Src/system_stm32h5xx.o
                0x08008450                AHBPrescTable
 .rodata.APBPrescTable
                0x08008460        0x8 ./Core/Src/system_stm32h5xx.o
                0x08008460                APBPrescTable
 .rodata.UARTPrescTable
                0x08008468       0x18 ./Drivers/STM32H5xx_HAL_Driver/Src/stm32h5xx_hal_uart.o
                0x08008468                UARTPrescTable
 .rodata.numerator.1
                0x08008480        0x8 ./Drivers/STM32H5xx_HAL_Driver/Src/stm32h5xx_hal_uart_ex.o
 .rodata.denominator.0
                0x08008488        0x8 ./Drivers/STM32H5xx_HAL_Driver/Src/stm32h5xx_hal_uart_ex.o
                0x08008490                        . = ALIGN (0x4)

.ARM.extab      0x08008490        0x0
                0x08008490                        . = ALIGN (0x4)
 *(.ARM.extab* .gnu.linkonce.armextab.*)
                0x08008490                        . = ALIGN (0x4)

.ARM            0x08008490        0x8
                0x08008490                        . = ALIGN (0x4)
                0x08008490                        __exidx_start = .
 *(.ARM.exidx*)
 .ARM.exidx     0x08008490        0x8 C:/ST/STM32CubeIDE_1.17.0/STM32CubeIDE/plugins/com.st.stm32cube.ide.mcu.externaltools.gnu-tools-for-stm32.12.3.rel1.win32_1.1.0.202410251130/tools/bin/../lib/gcc/arm-none-eabi/12.3.1/thumb/v8-m.main+fp/hard\libgcc.a(_udivmoddi4.o)
                0x08008498                        __exidx_end = .
                0x08008498                        . = ALIGN (0x4)

.preinit_array  0x08008498        0x0
                0x08008498                        . = ALIGN (0x4)
                0x08008498                        PROVIDE (__preinit_array_start = .)
 *(.preinit_array*)
                0x08008498                        PROVIDE (__preinit_array_end = .)
                0x08008498                        . = ALIGN (0x4)

.init_array     0x08008498        0x4
                0x08008498                        . = ALIGN (0x4)
                0x08008498                        PROVIDE (__init_array_start = .)
 *(SORT_BY_NAME(.init_array.*))
 *(.init_array*)
 .init_array    0x08008498        0x4 C:/ST/STM32CubeIDE_1.17.0/STM32CubeIDE/plugins/com.st.stm32cube.ide.mcu.externaltools.gnu-tools-for-stm32.12.3.rel1.win32_1.1.0.202410251130/tools/bin/../lib/gcc/arm-none-eabi/12.3.1/thumb/v8-m.main+fp/hard/crtbegin.o
                0x0800849c                        PROVIDE (__init_array_end = .)
                0x0800849c                        . = ALIGN (0x4)

.fini_array     0x0800849c        0x4
                0x0800849c                        . = ALIGN (0x4)
                [!provide]                        PROVIDE (__fini_array_start = .)
 *(SORT_BY_NAME(.fini_array.*))
 *(.fini_array*)
 .fini_array    0x0800849c        0x4 C:/ST/STM32CubeIDE_1.17.0/STM32CubeIDE/plugins/com.st.stm32cube.ide.mcu.externaltools.gnu-tools-for-stm32.12.3.rel1.win32_1.1.0.202410251130/tools/bin/../lib/gcc/arm-none-eabi/12.3.1/thumb/v8-m.main+fp/hard/crtbegin.o
                [!provide]                        PROVIDE (__fini_array_end = .)
                0x080084a0                        . = ALIGN (0x4)
                0x080084a0                        _sidata = LOADADDR (.data)

.rel.dyn        0x080084a0        0x0
 .rel.iplt      0x080084a0        0x0 C:/ST/STM32CubeIDE_1.17.0/STM32CubeIDE/plugins/com.st.stm32cube.ide.mcu.externaltools.gnu-tools-for-stm32.12.3.rel1.win32_1.1.0.202410251130/tools/bin/../lib/gcc/arm-none-eabi/12.3.1/thumb/v8-m.main+fp/hard/crtbegin.o

.data           0x20000000       0x18 load address 0x080084a0
                0x20000000                        . = ALIGN (0x4)
                0x20000000                        _sdata = .
 *(.data)
 *(.data*)
 .data.SystemCoreClock
                0x20000000        0x4 ./Core/Src/system_stm32h5xx.o
                0x20000000                SystemCoreClock
 .data.ptrBufTime
                0x20000004        0x4 ./Core/Src/uart.o
                0x20000004                ptrBufTime
 .data.ptrbufGpio
                0x20000008        0x4 ./Core/Src/uart.o
                0x20000008                ptrbufGpio
 .data.uartProcess
                0x2000000c        0x1 ./Core/Src/uart.o
                0x2000000c                uartProcess
 *fill*         0x2000000d        0x3 
 .data.uwTickPrio
                0x20000010        0x4 ./Drivers/STM32H5xx_HAL_Driver/Src/stm32h5xx_hal.o
                0x20000010                uwTickPrio
 .data.uwTickFreq
                0x20000014        0x1 ./Drivers/STM32H5xx_HAL_Driver/Src/stm32h5xx_hal.o
                0x20000014                uwTickFreq
 *(.RamFunc)
 *(.RamFunc*)
                0x20000018                        . = ALIGN (0x4)
 *fill*         0x20000015        0x3 
                0x20000018                        _edata = .

.igot.plt       0x20000018        0x0 load address 0x080084b8
 .igot.plt      0x20000018        0x0 C:/ST/STM32CubeIDE_1.17.0/STM32CubeIDE/plugins/com.st.stm32cube.ide.mcu.externaltools.gnu-tools-for-stm32.12.3.rel1.win32_1.1.0.202410251130/tools/bin/../lib/gcc/arm-none-eabi/12.3.1/thumb/v8-m.main+fp/hard/crtbegin.o
                0x20000018                        . = ALIGN (0x4)

.bss            0x20000018     0x622c load address 0x080084b8
                0x20000018                        _sbss = .
                0x20000018                        __bss_start__ = _sbss
 *(.bss)
 .bss           0x20000018       0x1c C:/ST/STM32CubeIDE_1.17.0/STM32CubeIDE/plugins/com.st.stm32cube.ide.mcu.externaltools.gnu-tools-for-stm32.12.3.rel1.win32_1.1.0.202410251130/tools/bin/../lib/gcc/arm-none-eabi/12.3.1/thumb/v8-m.main+fp/hard/crtbegin.o
 *(.bss*)
 .bss.handle_GPDMA2_Channel0
                0x20000034       0x78 ./Core/Src/main.o
                0x20000034                handle_GPDMA2_Channel0
 .bss.htim2     0x200000ac       0x4c ./Core/Src/main.o
                0x200000ac                htim2
 .bss.handle_GPDMA1_Channel0
                0x200000f8       0x78 ./Core/Src/main.o
                0x200000f8                handle_GPDMA1_Channel0
 .bss.huart1    0x20000170       0x94 ./Core/Src/main.o
                0x20000170                huart1
 .bss.bufTime   0x20000204     0x300c ./Core/Src/uart.o
                0x20000204                bufTime
 .bss.bufGpio   0x20003210     0x300c ./Core/Src/uart.o
                0x20003210                bufGpio
 .bss.txBufUart
                0x2000621c        0xa ./Core/Src/uart.o
                0x2000621c                txBufUart
 *fill*         0x20006226        0x2 
 .bss.rxBufUart
                0x20006228        0xa ./Core/Src/uart.o
                0x20006228                rxBufUart
 .bss.calbackOk
                0x20006232        0x1 ./Core/Src/uart.o
                0x20006232                calbackOk
 .bss.timeoutStart
                0x20006233        0x1 ./Core/Src/uart.o
                0x20006233                timeoutStart
 .bss.start_time
                0x20006234        0x4 ./Core/Src/uart.o
                0x20006234                start_time
 .bss.lenght    0x20006238        0x4 ./Core/Src/uart.o
                0x20006238                lenght
 .bss.ledblinkTime
                0x2000623c        0x4 ./Core/Src/work.o
                0x2000623c                ledblinkTime
 .bss.uwTick    0x20006240        0x4 ./Drivers/STM32H5xx_HAL_Driver/Src/stm32h5xx_hal.o
                0x20006240                uwTick
 *(COMMON)
                0x20006244                        . = ALIGN (0x4)
                0x20006244                        _ebss = .
                0x20006244                        __bss_end__ = _ebss

._user_heap_stack
                0x20006244      0x604 load address 0x080084b8
                0x20006248                        . = ALIGN (0x8)
 *fill*         0x20006244        0x4 
                [!provide]                        PROVIDE (end = .)
                0x20006248                        PROVIDE (_end = .)
                0x20006448                        . = (. + _Min_Heap_Size)
 *fill*         0x20006248      0x200 
                0x20006848                        . = (. + _Min_Stack_Size)
 *fill*         0x20006448      0x400 
                0x20006848                        . = ALIGN (0x8)

/DISCARD/
 libc.a(*)
 libm.a(*)
 libgcc.a(*)

.ARM.attributes
                0x00000000       0x36
 *(.ARM.attributes)
 .ARM.attributes
                0x00000000       0x26 C:/ST/STM32CubeIDE_1.17.0/STM32CubeIDE/plugins/com.st.stm32cube.ide.mcu.externaltools.gnu-tools-for-stm32.12.3.rel1.win32_1.1.0.202410251130/tools/bin/../lib/gcc/arm-none-eabi/12.3.1/thumb/v8-m.main+fp/hard/crti.o
 .ARM.attributes
                0x00000026       0x38 C:/ST/STM32CubeIDE_1.17.0/STM32CubeIDE/plugins/com.st.stm32cube.ide.mcu.externaltools.gnu-tools-for-stm32.12.3.rel1.win32_1.1.0.202410251130/tools/bin/../lib/gcc/arm-none-eabi/12.3.1/thumb/v8-m.main+fp/hard/crtbegin.o
 .ARM.attributes
                0x0000005e       0x3a ./Core/Src/main.o
 .ARM.attributes
                0x00000098       0x3a ./Core/Src/stm32h5xx_hal_msp.o
 .ARM.attributes
                0x000000d2       0x3a ./Core/Src/stm32h5xx_it.o
 .ARM.attributes
                0x0000010c       0x3a ./Core/Src/system_stm32h5xx.o
 .ARM.attributes
                0x00000146       0x3a ./Core/Src/uart.o
 .ARM.attributes
                0x00000180       0x3a ./Core/Src/work.o
 .ARM.attributes
                0x000001ba       0x24 ./Core/Startup/startup_stm32h503cbtx.o
 .ARM.attributes
                0x000001de       0x3a ./Drivers/STM32H5xx_HAL_Driver/Src/stm32h5xx_hal.o
 .ARM.attributes
                0x00000218       0x3a ./Drivers/STM32H5xx_HAL_Driver/Src/stm32h5xx_hal_cortex.o
 .ARM.attributes
                0x00000252       0x3a ./Drivers/STM32H5xx_HAL_Driver/Src/stm32h5xx_hal_dma.o
 .ARM.attributes
                0x0000028c       0x3a ./Drivers/STM32H5xx_HAL_Driver/Src/stm32h5xx_hal_dma_ex.o
 .ARM.attributes
                0x000002c6       0x3a ./Drivers/STM32H5xx_HAL_Driver/Src/stm32h5xx_hal_gpio.o
 .ARM.attributes
                0x00000300       0x3a ./Drivers/STM32H5xx_HAL_Driver/Src/stm32h5xx_hal_icache.o
 .ARM.attributes
                0x0000033a       0x3a ./Drivers/STM32H5xx_HAL_Driver/Src/stm32h5xx_hal_pwr.o
 .ARM.attributes
                0x00000374       0x3a ./Drivers/STM32H5xx_HAL_Driver/Src/stm32h5xx_hal_rcc.o
 .ARM.attributes
                0x000003ae       0x3a ./Drivers/STM32H5xx_HAL_Driver/Src/stm32h5xx_hal_rcc_ex.o
 .ARM.attributes
                0x000003e8       0x3a ./Drivers/STM32H5xx_HAL_Driver/Src/stm32h5xx_hal_tim.o
 .ARM.attributes
                0x00000422       0x3a ./Drivers/STM32H5xx_HAL_Driver/Src/stm32h5xx_hal_tim_ex.o
 .ARM.attributes
                0x0000045c       0x3a ./Drivers/STM32H5xx_HAL_Driver/Src/stm32h5xx_hal_uart.o
 .ARM.attributes
                0x00000496       0x3a ./Drivers/STM32H5xx_HAL_Driver/Src/stm32h5xx_hal_uart_ex.o
 .ARM.attributes
                0x000004d0       0x38 C:/ST/STM32CubeIDE_1.17.0/STM32CubeIDE/plugins/com.st.stm32cube.ide.mcu.externaltools.gnu-tools-for-stm32.12.3.rel1.win32_1.1.0.202410251130/tools/bin/../lib/gcc/arm-none-eabi/12.3.1/../../../../arm-none-eabi/lib/thumb/v8-m.main+fp/hard\libc_nano.a(libc_a-memset.o)
 .ARM.attributes
                0x00000508       0x38 C:/ST/STM32CubeIDE_1.17.0/STM32CubeIDE/plugins/com.st.stm32cube.ide.mcu.externaltools.gnu-tools-for-stm32.12.3.rel1.win32_1.1.0.202410251130/tools/bin/../lib/gcc/arm-none-eabi/12.3.1/../../../../arm-none-eabi/lib/thumb/v8-m.main+fp/hard\libc_nano.a(libc_a-init.o)
 .ARM.attributes
                0x00000540       0x26 C:/ST/STM32CubeIDE_1.17.0/STM32CubeIDE/plugins/com.st.stm32cube.ide.mcu.externaltools.gnu-tools-for-stm32.12.3.rel1.win32_1.1.0.202410251130/tools/bin/../lib/gcc/arm-none-eabi/12.3.1/thumb/v8-m.main+fp/hard\libgcc.a(_aeabi_uldivmod.o)
 .ARM.attributes
                0x00000566       0x38 C:/ST/STM32CubeIDE_1.17.0/STM32CubeIDE/plugins/com.st.stm32cube.ide.mcu.externaltools.gnu-tools-for-stm32.12.3.rel1.win32_1.1.0.202410251130/tools/bin/../lib/gcc/arm-none-eabi/12.3.1/thumb/v8-m.main+fp/hard\libgcc.a(_udivmoddi4.o)
 .ARM.attributes
                0x0000059e       0x26 C:/ST/STM32CubeIDE_1.17.0/STM32CubeIDE/plugins/com.st.stm32cube.ide.mcu.externaltools.gnu-tools-for-stm32.12.3.rel1.win32_1.1.0.202410251130/tools/bin/../lib/gcc/arm-none-eabi/12.3.1/thumb/v8-m.main+fp/hard\libgcc.a(_dvmd_tls.o)
 .ARM.attributes
                0x000005c4       0x26 C:/ST/STM32CubeIDE_1.17.0/STM32CubeIDE/plugins/com.st.stm32cube.ide.mcu.externaltools.gnu-tools-for-stm32.12.3.rel1.win32_1.1.0.202410251130/tools/bin/../lib/gcc/arm-none-eabi/12.3.1/thumb/v8-m.main+fp/hard/crtn.o
OUTPUT(LIRK.elf elf32-littlearm)
LOAD linker stubs
LOAD C:/ST/STM32CubeIDE_1.17.0/STM32CubeIDE/plugins/com.st.stm32cube.ide.mcu.externaltools.gnu-tools-for-stm32.12.3.rel1.win32_1.1.0.202410251130/tools/bin/../lib/gcc/arm-none-eabi/12.3.1/../../../../arm-none-eabi/lib/thumb/v8-m.main+fp/hard\libc.a
LOAD C:/ST/STM32CubeIDE_1.17.0/STM32CubeIDE/plugins/com.st.stm32cube.ide.mcu.externaltools.gnu-tools-for-stm32.12.3.rel1.win32_1.1.0.202410251130/tools/bin/../lib/gcc/arm-none-eabi/12.3.1/../../../../arm-none-eabi/lib/thumb/v8-m.main+fp/hard\libm.a
LOAD C:/ST/STM32CubeIDE_1.17.0/STM32CubeIDE/plugins/com.st.stm32cube.ide.mcu.externaltools.gnu-tools-for-stm32.12.3.rel1.win32_1.1.0.202410251130/tools/bin/../lib/gcc/arm-none-eabi/12.3.1/thumb/v8-m.main+fp/hard\libgcc.a

.debug_info     0x00000000    0x17cd1
 .debug_info    0x00000000     0x1e72 ./Core/Src/main.o
 .debug_info    0x00001e72     0x1775 ./Core/Src/stm32h5xx_hal_msp.o
 .debug_info    0x000035e7      0x9a9 ./Core/Src/stm32h5xx_it.o
 .debug_info    0x00003f90      0xc0b ./Core/Src/system_stm32h5xx.o
 .debug_info    0x00004b9b      0xa8a ./Core/Src/uart.o
 .debug_info    0x00005625      0xc02 ./Core/Src/work.o
 .debug_info    0x00006227       0x30 ./Core/Startup/startup_stm32h503cbtx.o
 .debug_info    0x00006257     0x1069 ./Drivers/STM32H5xx_HAL_Driver/Src/stm32h5xx_hal.o
 .debug_info    0x000072c0     0x1522 ./Drivers/STM32H5xx_HAL_Driver/Src/stm32h5xx_hal_cortex.o
 .debug_info    0x000087e2      0xa85 ./Drivers/STM32H5xx_HAL_Driver/Src/stm32h5xx_hal_dma.o
 .debug_info    0x00009267     0x1902 ./Drivers/STM32H5xx_HAL_Driver/Src/stm32h5xx_hal_dma_ex.o
 .debug_info    0x0000ab69      0x6aa ./Drivers/STM32H5xx_HAL_Driver/Src/stm32h5xx_hal_gpio.o
 .debug_info    0x0000b213      0x377 ./Drivers/STM32H5xx_HAL_Driver/Src/stm32h5xx_hal_icache.o
 .debug_info    0x0000b58a      0x9fb ./Drivers/STM32H5xx_HAL_Driver/Src/stm32h5xx_hal_pwr.o
 .debug_info    0x0000bf85      0xfdf ./Drivers/STM32H5xx_HAL_Driver/Src/stm32h5xx_hal_rcc.o
 .debug_info    0x0000cf64      0xf52 ./Drivers/STM32H5xx_HAL_Driver/Src/stm32h5xx_hal_rcc_ex.o
 .debug_info    0x0000deb6     0x2e54 ./Drivers/STM32H5xx_HAL_Driver/Src/stm32h5xx_hal_tim.o
 .debug_info    0x00010d0a     0x1eaa ./Drivers/STM32H5xx_HAL_Driver/Src/stm32h5xx_hal_tim_ex.o
 .debug_info    0x00012bb4     0x4030 ./Drivers/STM32H5xx_HAL_Driver/Src/stm32h5xx_hal_uart.o
 .debug_info    0x00016be4     0x10ed ./Drivers/STM32H5xx_HAL_Driver/Src/stm32h5xx_hal_uart_ex.o

.debug_abbrev   0x00000000     0x2c63
 .debug_abbrev  0x00000000      0x306 ./Core/Src/main.o
 .debug_abbrev  0x00000306      0x237 ./Core/Src/stm32h5xx_hal_msp.o
 .debug_abbrev  0x0000053d      0x186 ./Core/Src/stm32h5xx_it.o
 .debug_abbrev  0x000006c3      0x13a ./Core/Src/system_stm32h5xx.o
 .debug_abbrev  0x000007fd      0x1e2 ./Core/Src/uart.o
 .debug_abbrev  0x000009df      0x25c ./Core/Src/work.o
 .debug_abbrev  0x00000c3b       0x24 ./Core/Startup/startup_stm32h503cbtx.o
 .debug_abbrev  0x00000c5f      0x2ac ./Drivers/STM32H5xx_HAL_Driver/Src/stm32h5xx_hal.o
 .debug_abbrev  0x00000f0b      0x311 ./Drivers/STM32H5xx_HAL_Driver/Src/stm32h5xx_hal_cortex.o
 .debug_abbrev  0x0000121c      0x1ff ./Drivers/STM32H5xx_HAL_Driver/Src/stm32h5xx_hal_dma.o
 .debug_abbrev  0x0000141b      0x21d ./Drivers/STM32H5xx_HAL_Driver/Src/stm32h5xx_hal_dma_ex.o
 .debug_abbrev  0x00001638      0x1db ./Drivers/STM32H5xx_HAL_Driver/Src/stm32h5xx_hal_gpio.o
 .debug_abbrev  0x00001813      0x1e4 ./Drivers/STM32H5xx_HAL_Driver/Src/stm32h5xx_hal_icache.o
 .debug_abbrev  0x000019f7      0x225 ./Drivers/STM32H5xx_HAL_Driver/Src/stm32h5xx_hal_pwr.o
 .debug_abbrev  0x00001c1c      0x28e ./Drivers/STM32H5xx_HAL_Driver/Src/stm32h5xx_hal_rcc.o
 .debug_abbrev  0x00001eaa      0x25c ./Drivers/STM32H5xx_HAL_Driver/Src/stm32h5xx_hal_rcc_ex.o
 .debug_abbrev  0x00002106      0x2bd ./Drivers/STM32H5xx_HAL_Driver/Src/stm32h5xx_hal_tim.o
 .debug_abbrev  0x000023c3      0x2c7 ./Drivers/STM32H5xx_HAL_Driver/Src/stm32h5xx_hal_tim_ex.o
 .debug_abbrev  0x0000268a      0x305 ./Drivers/STM32H5xx_HAL_Driver/Src/stm32h5xx_hal_uart.o
 .debug_abbrev  0x0000298f      0x2d4 ./Drivers/STM32H5xx_HAL_Driver/Src/stm32h5xx_hal_uart_ex.o

.debug_aranges  0x00000000     0x1360
 .debug_aranges
                0x00000000       0x60 ./Core/Src/main.o
 .debug_aranges
                0x00000060       0x40 ./Core/Src/stm32h5xx_hal_msp.o
 .debug_aranges
                0x000000a0       0x78 ./Core/Src/stm32h5xx_it.o
 .debug_aranges
                0x00000118       0x28 ./Core/Src/system_stm32h5xx.o
 .debug_aranges
                0x00000140       0x40 ./Core/Src/uart.o
 .debug_aranges
                0x00000180       0x40 ./Core/Src/work.o
 .debug_aranges
                0x000001c0       0x28 ./Core/Startup/startup_stm32h503cbtx.o
 .debug_aranges
                0x000001e8      0x1a0 ./Drivers/STM32H5xx_HAL_Driver/Src/stm32h5xx_hal.o
 .debug_aranges
                0x00000388      0x140 ./Drivers/STM32H5xx_HAL_Driver/Src/stm32h5xx_hal_cortex.o
 .debug_aranges
                0x000004c8       0x98 ./Drivers/STM32H5xx_HAL_Driver/Src/stm32h5xx_hal_dma.o
 .debug_aranges
                0x00000560      0x1a0 ./Drivers/STM32H5xx_HAL_Driver/Src/stm32h5xx_hal_dma_ex.o
 .debug_aranges
                0x00000700       0x78 ./Drivers/STM32H5xx_HAL_Driver/Src/stm32h5xx_hal_gpio.o
 .debug_aranges
                0x00000778       0x98 ./Drivers/STM32H5xx_HAL_Driver/Src/stm32h5xx_hal_icache.o
 .debug_aranges
                0x00000810       0xb0 ./Drivers/STM32H5xx_HAL_Driver/Src/stm32h5xx_hal_pwr.o
 .debug_aranges
                0x000008c0       0xa0 ./Drivers/STM32H5xx_HAL_Driver/Src/stm32h5xx_hal_rcc.o
 .debug_aranges
                0x00000960       0xe8 ./Drivers/STM32H5xx_HAL_Driver/Src/stm32h5xx_hal_rcc_ex.o
 .debug_aranges
                0x00000a48      0x3e8 ./Drivers/STM32H5xx_HAL_Driver/Src/stm32h5xx_hal_tim.o
 .debug_aranges
                0x00000e30      0x240 ./Drivers/STM32H5xx_HAL_Driver/Src/stm32h5xx_hal_tim_ex.o
 .debug_aranges
                0x00001070      0x248 ./Drivers/STM32H5xx_HAL_Driver/Src/stm32h5xx_hal_uart.o
 .debug_aranges
                0x000012b8       0xa8 ./Drivers/STM32H5xx_HAL_Driver/Src/stm32h5xx_hal_uart_ex.o

.debug_rnglists
                0x00000000      0xf25
 .debug_rnglists
                0x00000000       0x48 ./Core/Src/main.o
 .debug_rnglists
                0x00000048       0x2d ./Core/Src/stm32h5xx_hal_msp.o
 .debug_rnglists
                0x00000075       0x55 ./Core/Src/stm32h5xx_it.o
 .debug_rnglists
                0x000000ca       0x1b ./Core/Src/system_stm32h5xx.o
 .debug_rnglists
                0x000000e5       0x2d ./Core/Src/uart.o
 .debug_rnglists
                0x00000112       0x2c ./Core/Src/work.o
 .debug_rnglists
                0x0000013e       0x19 ./Core/Startup/startup_stm32h503cbtx.o
 .debug_rnglists
                0x00000157      0x134 ./Drivers/STM32H5xx_HAL_Driver/Src/stm32h5xx_hal.o
 .debug_rnglists
                0x0000028b       0xec ./Drivers/STM32H5xx_HAL_Driver/Src/stm32h5xx_hal_cortex.o
 .debug_rnglists
                0x00000377       0x77 ./Drivers/STM32H5xx_HAL_Driver/Src/stm32h5xx_hal_dma.o
 .debug_rnglists
                0x000003ee      0x155 ./Drivers/STM32H5xx_HAL_Driver/Src/stm32h5xx_hal_dma_ex.o
 .debug_rnglists
                0x00000543       0x57 ./Drivers/STM32H5xx_HAL_Driver/Src/stm32h5xx_hal_gpio.o
 .debug_rnglists
                0x0000059a       0x6d ./Drivers/STM32H5xx_HAL_Driver/Src/stm32h5xx_hal_icache.o
 .debug_rnglists
                0x00000607       0x80 ./Drivers/STM32H5xx_HAL_Driver/Src/stm32h5xx_hal_pwr.o
 .debug_rnglists
                0x00000687       0x79 ./Drivers/STM32H5xx_HAL_Driver/Src/stm32h5xx_hal_rcc.o
 .debug_rnglists
                0x00000700       0xb4 ./Drivers/STM32H5xx_HAL_Driver/Src/stm32h5xx_hal_rcc_ex.o
 .debug_rnglists
                0x000007b4      0x32e ./Drivers/STM32H5xx_HAL_Driver/Src/stm32h5xx_hal_tim.o
 .debug_rnglists
                0x00000ae2      0x1cb ./Drivers/STM32H5xx_HAL_Driver/Src/stm32h5xx_hal_tim_ex.o
 .debug_rnglists
                0x00000cad      0x1f9 ./Drivers/STM32H5xx_HAL_Driver/Src/stm32h5xx_hal_uart.o
 .debug_rnglists
                0x00000ea6       0x7f ./Drivers/STM32H5xx_HAL_Driver/Src/stm32h5xx_hal_uart_ex.o

.debug_macro    0x00000000    0x210f7
 .debug_macro   0x00000000      0x298 ./Core/Src/main.o
 .debug_macro   0x00000298      0xaba ./Core/Src/main.o
 .debug_macro   0x00000d52      0x1d0 ./Core/Src/main.o
 .debug_macro   0x00000f22       0x22 ./Core/Src/main.o
 .debug_macro   0x00000f44       0x5b ./Core/Src/main.o
 .debug_macro   0x00000f9f       0x2a ./Core/Src/main.o
 .debug_macro   0x00000fc9       0x94 ./Core/Src/main.o
 .debug_macro   0x0000105d       0x43 ./Core/Src/main.o
 .debug_macro   0x000010a0       0x34 ./Core/Src/main.o
 .debug_macro   0x000010d4      0x189 ./Core/Src/main.o
 .debug_macro   0x0000125d       0x16 ./Core/Src/main.o
 .debug_macro   0x00001273       0x43 ./Core/Src/main.o
 .debug_macro   0x000012b6       0x57 ./Core/Src/main.o
 .debug_macro   0x0000130d       0x34 ./Core/Src/main.o
 .debug_macro   0x00001341       0x10 ./Core/Src/main.o
 .debug_macro   0x00001351       0x58 ./Core/Src/main.o
 .debug_macro   0x000013a9       0x8e ./Core/Src/main.o
 .debug_macro   0x00001437       0x1c ./Core/Src/main.o
 .debug_macro   0x00001453      0x177 ./Core/Src/main.o
 .debug_macro   0x000015ca      0x369 ./Core/Src/main.o
 .debug_macro   0x00001933      0x19b ./Core/Src/main.o
 .debug_macro   0x00001ace       0x28 ./Core/Src/main.o
 .debug_macro   0x00001af6       0x42 ./Core/Src/main.o
 .debug_macro   0x00001b38      0x103 ./Core/Src/main.o
 .debug_macro   0x00001c3b       0x6a ./Core/Src/main.o
 .debug_macro   0x00001ca5      0x1df ./Core/Src/main.o
 .debug_macro   0x00001e84       0x1c ./Core/Src/main.o
 .debug_macro   0x00001ea0       0x29 ./Core/Src/main.o
 .debug_macro   0x00001ec9       0xfb ./Core/Src/main.o
 .debug_macro   0x00001fc4     0x1685 ./Core/Src/main.o
 .debug_macro   0x00003649       0x5e ./Core/Src/main.o
 .debug_macro   0x000036a7    0x11feb ./Core/Src/main.o
 .debug_macro   0x00015692       0x6d ./Core/Src/main.o
 .debug_macro   0x000156ff     0x388a ./Core/Src/main.o
 .debug_macro   0x00018f89       0x63 ./Core/Src/main.o
 .debug_macro   0x00018fec     0x146a ./Core/Src/main.o
 .debug_macro   0x0001a456      0x75e ./Core/Src/main.o
 .debug_macro   0x0001abb4      0x166 ./Core/Src/main.o
 .debug_macro   0x0001ad1a      0x1ad ./Core/Src/main.o
 .debug_macro   0x0001aec7       0x6e ./Core/Src/main.o
 .debug_macro   0x0001af35      0x527 ./Core/Src/main.o
 .debug_macro   0x0001b45c      0x40f ./Core/Src/main.o
 .debug_macro   0x0001b86b       0xd6 ./Core/Src/main.o
 .debug_macro   0x0001b941      0x1cd ./Core/Src/main.o
 .debug_macro   0x0001bb0e      0x1c3 ./Core/Src/main.o
 .debug_macro   0x0001bcd1      0x4e8 ./Core/Src/main.o
 .debug_macro   0x0001c1b9       0x58 ./Core/Src/main.o
 .debug_macro   0x0001c211      0x272 ./Core/Src/main.o
 .debug_macro   0x0001c483      0x1a6 ./Core/Src/main.o
 .debug_macro   0x0001c629      0xbe8 ./Core/Src/main.o
 .debug_macro   0x0001d211      0x2bd ./Core/Src/main.o
 .debug_macro   0x0001d4ce      0x693 ./Core/Src/main.o
 .debug_macro   0x0001db61       0xa6 ./Core/Src/main.o
 .debug_macro   0x0001dc07      0x20a ./Core/Src/main.o
 .debug_macro   0x0001de11      0x31f ./Core/Src/main.o
 .debug_macro   0x0001e130       0x34 ./Core/Src/main.o
 .debug_macro   0x0001e164       0x7c ./Core/Src/main.o
 .debug_macro   0x0001e1e0       0x70 ./Core/Src/main.o
 .debug_macro   0x0001e250      0x298 ./Core/Src/stm32h5xx_hal_msp.o
 .debug_macro   0x0001e4e8      0x2a2 ./Core/Src/stm32h5xx_it.o
 .debug_macro   0x0001e78a      0x27e ./Core/Src/system_stm32h5xx.o
 .debug_macro   0x0001ea08      0x286 ./Core/Src/uart.o
 .debug_macro   0x0001ec8e       0x2e ./Core/Src/uart.o
 .debug_macro   0x0001ecbc      0x28f ./Core/Src/work.o
 .debug_macro   0x0001ef4b       0x76 ./Core/Src/work.o
 .debug_macro   0x0001efc1      0x2a7 ./Drivers/STM32H5xx_HAL_Driver/Src/stm32h5xx_hal.o
 .debug_macro   0x0001f268      0x277 ./Drivers/STM32H5xx_HAL_Driver/Src/stm32h5xx_hal_cortex.o
 .debug_macro   0x0001f4df      0x278 ./Drivers/STM32H5xx_HAL_Driver/Src/stm32h5xx_hal_dma.o
 .debug_macro   0x0001f757      0x278 ./Drivers/STM32H5xx_HAL_Driver/Src/stm32h5xx_hal_dma_ex.o
 .debug_macro   0x0001f9cf      0x2ad ./Drivers/STM32H5xx_HAL_Driver/Src/stm32h5xx_hal_gpio.o
 .debug_macro   0x0001fc7c      0x28f ./Drivers/STM32H5xx_HAL_Driver/Src/stm32h5xx_hal_icache.o
 .debug_macro   0x0001ff0b      0x28f ./Drivers/STM32H5xx_HAL_Driver/Src/stm32h5xx_hal_pwr.o
 .debug_macro   0x0002019a      0x2b9 ./Drivers/STM32H5xx_HAL_Driver/Src/stm32h5xx_hal_rcc.o
 .debug_macro   0x00020453      0x283 ./Drivers/STM32H5xx_HAL_Driver/Src/stm32h5xx_hal_rcc_ex.o
 .debug_macro   0x000206d6      0x27f ./Drivers/STM32H5xx_HAL_Driver/Src/stm32h5xx_hal_tim.o
 .debug_macro   0x00020955      0x27d ./Drivers/STM32H5xx_HAL_Driver/Src/stm32h5xx_hal_tim_ex.o
 .debug_macro   0x00020bd2      0x2a2 ./Drivers/STM32H5xx_HAL_Driver/Src/stm32h5xx_hal_uart.o
 .debug_macro   0x00020e74      0x283 ./Drivers/STM32H5xx_HAL_Driver/Src/stm32h5xx_hal_uart_ex.o

.debug_line     0x00000000    0x1894d
 .debug_line    0x00000000      0xae5 ./Core/Src/main.o
 .debug_line    0x00000ae5      0x981 ./Core/Src/stm32h5xx_hal_msp.o
 .debug_line    0x00001466      0x9b3 ./Core/Src/stm32h5xx_it.o
 .debug_line    0x00001e19      0xa06 ./Core/Src/system_stm32h5xx.o
 .debug_line    0x0000281f      0x9cd ./Core/Src/uart.o
 .debug_line    0x000031ec      0x942 ./Core/Src/work.o
 .debug_line    0x00003b2e       0x77 ./Core/Startup/startup_stm32h503cbtx.o
 .debug_line    0x00003ba5      0xe56 ./Drivers/STM32H5xx_HAL_Driver/Src/stm32h5xx_hal.o
 .debug_line    0x000049fb      0xf05 ./Drivers/STM32H5xx_HAL_Driver/Src/stm32h5xx_hal_cortex.o
 .debug_line    0x00005900     0x1172 ./Drivers/STM32H5xx_HAL_Driver/Src/stm32h5xx_hal_dma.o
 .debug_line    0x00006a72     0x277f ./Drivers/STM32H5xx_HAL_Driver/Src/stm32h5xx_hal_dma_ex.o
 .debug_line    0x000091f1      0xc91 ./Drivers/STM32H5xx_HAL_Driver/Src/stm32h5xx_hal_gpio.o
 .debug_line    0x00009e82      0xacc ./Drivers/STM32H5xx_HAL_Driver/Src/stm32h5xx_hal_icache.o
 .debug_line    0x0000a94e      0xb10 ./Drivers/STM32H5xx_HAL_Driver/Src/stm32h5xx_hal_pwr.o
 .debug_line    0x0000b45e     0x12f0 ./Drivers/STM32H5xx_HAL_Driver/Src/stm32h5xx_hal_rcc.o
 .debug_line    0x0000c74e     0x1bda ./Drivers/STM32H5xx_HAL_Driver/Src/stm32h5xx_hal_rcc_ex.o
 .debug_line    0x0000e328     0x3d31 ./Drivers/STM32H5xx_HAL_Driver/Src/stm32h5xx_hal_tim.o
 .debug_line    0x00012059     0x2074 ./Drivers/STM32H5xx_HAL_Driver/Src/stm32h5xx_hal_tim_ex.o
 .debug_line    0x000140cd     0x3995 ./Drivers/STM32H5xx_HAL_Driver/Src/stm32h5xx_hal_uart.o
 .debug_line    0x00017a62      0xeeb ./Drivers/STM32H5xx_HAL_Driver/Src/stm32h5xx_hal_uart_ex.o

.debug_str      0x00000000    0xcf5b7
 .debug_str     0x00000000    0xca17d ./Core/Src/main.o
                              0xca5ce (size before relaxing)
 .debug_str     0x000ca17d      0x324 ./Core/Src/stm32h5xx_hal_msp.o
                              0xca2ed (size before relaxing)
 .debug_str     0x000ca4a1      0x138 ./Core/Src/stm32h5xx_it.o
                              0xc95e7 (size before relaxing)
 .debug_str     0x000ca5d9      0x1bd ./Core/Src/system_stm32h5xx.o
                              0xc9176 (size before relaxing)
 .debug_str     0x000ca796      0x10b ./Core/Src/uart.o
                              0xc943c (size before relaxing)
 .debug_str     0x000ca8a1      0x1b1 ./Core/Src/work.o
                              0xc97df (size before relaxing)
 .debug_str     0x000caa52       0x44 ./Core/Startup/startup_stm32h503cbtx.o
                                 0x7c (size before relaxing)
 .debug_str     0x000caa96      0x80d ./Drivers/STM32H5xx_HAL_Driver/Src/stm32h5xx_hal.o
                              0xc9ce9 (size before relaxing)
 .debug_str     0x000cb2a3      0x3db ./Drivers/STM32H5xx_HAL_Driver/Src/stm32h5xx_hal_cortex.o
                              0xc9a53 (size before relaxing)
 .debug_str     0x000cb67e      0x1f1 ./Drivers/STM32H5xx_HAL_Driver/Src/stm32h5xx_hal_dma.o
                              0xc93a9 (size before relaxing)
 .debug_str     0x000cb86f      0x8c3 ./Drivers/STM32H5xx_HAL_Driver/Src/stm32h5xx_hal_dma_ex.o
                              0xc9a41 (size before relaxing)
 .debug_str     0x000cc132      0x2a1 ./Drivers/STM32H5xx_HAL_Driver/Src/stm32h5xx_hal_gpio.o
                              0xc9054 (size before relaxing)
 .debug_str     0x000cc3d3      0x320 ./Drivers/STM32H5xx_HAL_Driver/Src/stm32h5xx_hal_icache.o
                              0xc9006 (size before relaxing)
 .debug_str     0x000cc6f3      0x2a3 ./Drivers/STM32H5xx_HAL_Driver/Src/stm32h5xx_hal_pwr.o
                              0xc91a3 (size before relaxing)
 .debug_str     0x000cc996      0x373 ./Drivers/STM32H5xx_HAL_Driver/Src/stm32h5xx_hal_rcc.o
                              0xc96b6 (size before relaxing)
 .debug_str     0x000ccd09      0x57e ./Drivers/STM32H5xx_HAL_Driver/Src/stm32h5xx_hal_rcc_ex.o
                              0xc980d (size before relaxing)
 .debug_str     0x000cd287      0xf18 ./Drivers/STM32H5xx_HAL_Driver/Src/stm32h5xx_hal_tim.o
                              0xca4a2 (size before relaxing)
 .debug_str     0x000ce19f      0x919 ./Drivers/STM32H5xx_HAL_Driver/Src/stm32h5xx_hal_tim_ex.o
                              0xca0cc (size before relaxing)
 .debug_str     0x000ceab8      0x89b ./Drivers/STM32H5xx_HAL_Driver/Src/stm32h5xx_hal_uart.o
                              0xc9d39 (size before relaxing)
 .debug_str     0x000cf353      0x264 ./Drivers/STM32H5xx_HAL_Driver/Src/stm32h5xx_hal_uart_ex.o
                              0xc970a (size before relaxing)

.comment        0x00000000       0x43
 .comment       0x00000000       0x43 ./Core/Src/main.o
                                 0x44 (size before relaxing)
 .comment       0x00000043       0x44 ./Core/Src/stm32h5xx_hal_msp.o
 .comment       0x00000043       0x44 ./Core/Src/stm32h5xx_it.o
 .comment       0x00000043       0x44 ./Core/Src/system_stm32h5xx.o
 .comment       0x00000043       0x44 ./Core/Src/uart.o
 .comment       0x00000043       0x44 ./Core/Src/work.o
 .comment       0x00000043       0x44 ./Drivers/STM32H5xx_HAL_Driver/Src/stm32h5xx_hal.o
 .comment       0x00000043       0x44 ./Drivers/STM32H5xx_HAL_Driver/Src/stm32h5xx_hal_cortex.o
 .comment       0x00000043       0x44 ./Drivers/STM32H5xx_HAL_Driver/Src/stm32h5xx_hal_dma.o
 .comment       0x00000043       0x44 ./Drivers/STM32H5xx_HAL_Driver/Src/stm32h5xx_hal_dma_ex.o
 .comment       0x00000043       0x44 ./Drivers/STM32H5xx_HAL_Driver/Src/stm32h5xx_hal_gpio.o
 .comment       0x00000043       0x44 ./Drivers/STM32H5xx_HAL_Driver/Src/stm32h5xx_hal_icache.o
 .comment       0x00000043       0x44 ./Drivers/STM32H5xx_HAL_Driver/Src/stm32h5xx_hal_pwr.o
 .comment       0x00000043       0x44 ./Drivers/STM32H5xx_HAL_Driver/Src/stm32h5xx_hal_rcc.o
 .comment       0x00000043       0x44 ./Drivers/STM32H5xx_HAL_Driver/Src/stm32h5xx_hal_rcc_ex.o
 .comment       0x00000043       0x44 ./Drivers/STM32H5xx_HAL_Driver/Src/stm32h5xx_hal_tim.o
 .comment       0x00000043       0x44 ./Drivers/STM32H5xx_HAL_Driver/Src/stm32h5xx_hal_tim_ex.o
 .comment       0x00000043       0x44 ./Drivers/STM32H5xx_HAL_Driver/Src/stm32h5xx_hal_uart.o
 .comment       0x00000043       0x44 ./Drivers/STM32H5xx_HAL_Driver/Src/stm32h5xx_hal_uart_ex.o

.debug_frame    0x00000000     0x5260
 .debug_frame   0x00000000      0x130 ./Core/Src/main.o
 .debug_frame   0x00000130       0xc4 ./Core/Src/stm32h5xx_hal_msp.o
 .debug_frame   0x000001f4      0x158 ./Core/Src/stm32h5xx_it.o
 .debug_frame   0x0000034c       0x60 ./Core/Src/system_stm32h5xx.o
 .debug_frame   0x000003ac       0xa8 ./Core/Src/uart.o
 .debug_frame   0x00000454       0xac ./Core/Src/work.o
 .debug_frame   0x00000500      0x66c ./Drivers/STM32H5xx_HAL_Driver/Src/stm32h5xx_hal.o
 .debug_frame   0x00000b6c      0x560 ./Drivers/STM32H5xx_HAL_Driver/Src/stm32h5xx_hal_cortex.o
 .debug_frame   0x000010cc      0x278 ./Drivers/STM32H5xx_HAL_Driver/Src/stm32h5xx_hal_dma.o
 .debug_frame   0x00001344      0x754 ./Drivers/STM32H5xx_HAL_Driver/Src/stm32h5xx_hal_dma_ex.o
 .debug_frame   0x00001a98      0x1ec ./Drivers/STM32H5xx_HAL_Driver/Src/stm32h5xx_hal_gpio.o
 .debug_frame   0x00001c84      0x248 ./Drivers/STM32H5xx_HAL_Driver/Src/stm32h5xx_hal_icache.o
 .debug_frame   0x00001ecc      0x2ac ./Drivers/STM32H5xx_HAL_Driver/Src/stm32h5xx_hal_pwr.o
 .debug_frame   0x00002178      0x264 ./Drivers/STM32H5xx_HAL_Driver/Src/stm32h5xx_hal_rcc.o
 .debug_frame   0x000023dc      0x3d8 ./Drivers/STM32H5xx_HAL_Driver/Src/stm32h5xx_hal_rcc_ex.o
 .debug_frame   0x000027b4     0x124c ./Drivers/STM32H5xx_HAL_Driver/Src/stm32h5xx_hal_tim.o
 .debug_frame   0x00003a00      0xa68 ./Drivers/STM32H5xx_HAL_Driver/Src/stm32h5xx_hal_tim_ex.o
 .debug_frame   0x00004468      0xa84 ./Drivers/STM32H5xx_HAL_Driver/Src/stm32h5xx_hal_uart.o
 .debug_frame   0x00004eec      0x2c4 ./Drivers/STM32H5xx_HAL_Driver/Src/stm32h5xx_hal_uart_ex.o
 .debug_frame   0x000051b0       0x20 C:/ST/STM32CubeIDE_1.17.0/STM32CubeIDE/plugins/com.st.stm32cube.ide.mcu.externaltools.gnu-tools-for-stm32.12.3.rel1.win32_1.1.0.202410251130/tools/bin/../lib/gcc/arm-none-eabi/12.3.1/../../../../arm-none-eabi/lib/thumb/v8-m.main+fp/hard\libc_nano.a(libc_a-memset.o)
 .debug_frame   0x000051d0       0x2c C:/ST/STM32CubeIDE_1.17.0/STM32CubeIDE/plugins/com.st.stm32cube.ide.mcu.externaltools.gnu-tools-for-stm32.12.3.rel1.win32_1.1.0.202410251130/tools/bin/../lib/gcc/arm-none-eabi/12.3.1/../../../../arm-none-eabi/lib/thumb/v8-m.main+fp/hard\libc_nano.a(libc_a-init.o)
 .debug_frame   0x000051fc       0x2c C:/ST/STM32CubeIDE_1.17.0/STM32CubeIDE/plugins/com.st.stm32cube.ide.mcu.externaltools.gnu-tools-for-stm32.12.3.rel1.win32_1.1.0.202410251130/tools/bin/../lib/gcc/arm-none-eabi/12.3.1/thumb/v8-m.main+fp/hard\libgcc.a(_aeabi_uldivmod.o)
 .debug_frame   0x00005228       0x38 C:/ST/STM32CubeIDE_1.17.0/STM32CubeIDE/plugins/com.st.stm32cube.ide.mcu.externaltools.gnu-tools-for-stm32.12.3.rel1.win32_1.1.0.202410251130/tools/bin/../lib/gcc/arm-none-eabi/12.3.1/thumb/v8-m.main+fp/hard\libgcc.a(_udivmoddi4.o)

.debug_line_str
                0x00000000       0x60
 .debug_line_str
                0x00000000       0x60 ./Core/Startup/startup_stm32h503cbtx.o
